#
# There is insufficient memory for the Java Runtime Environment to continue.
# Native memory allocation (malloc) failed to allocate 403936 bytes. Error detail: Chunk::new
# Possible reasons:
#   The system is out of physical RAM or swap space
#   This process is running with CompressedOops enabled, and the Java Heap may be blocking the growth of the native heap
# Possible solutions:
#   Reduce memory load on the system
#   Increase physical memory or swap space
#   Check if swap backing store is full
#   Decrease Java heap size (-Xmx/-Xms)
#   Decrease number of Java threads
#   Decrease Java thread stack sizes (-Xss)
#   Set larger code cache with -XX:ReservedCodeCacheSize=
#   JVM is running with Unscaled Compressed Oops mode in which the Java heap is
#     placed in the first 4GB address space. The Java Heap base address is the
#     maximum limit for the native heap growth. Please use -XX:HeapBaseMinAddress
#     to set the Java Heap base and to place the Java Heap above 4GB virtual address.
# This output file may be truncated or incomplete.
#
#  Out of Memory Error (arena.cpp:168), pid=173136, tid=152340
#
# JRE version: OpenJDK Runtime Environment Temurin-21.0.12.1+1 (21.0.12.1+1) (build 21.0.12.1+1-LTS)
# Java VM: OpenJDK 64-Bit Server VM Temurin-21.0.12.1+1 (21.0.12.1+1-LTS, mixed mode, sharing, tiered, compressed oops, compressed class ptrs, parallel gc, windows-amd64)
# No core dump will be written. Minidumps are not enabled by default on client versions of Windows
#

---------------  S U M M A R Y ------------

Command Line: --add-modules=ALL-SYSTEM --add-opens=java.base/java.util=ALL-UNNAMED --add-opens=java.base/java.lang=ALL-UNNAMED --add-opens=java.base/sun.nio.fs=ALL-UNNAMED -Declipse.application=org.eclipse.jdt.ls.core.id1 -Dosgi.bundles.defaultStartLevel=4 -Declipse.product=org.eclipse.jdt.ls.core.product -Djava.import.generatesMetadataFilesAtProjectRoot=false -Dm2e.project.cache.size=50 -DDetectVMInstallationsJob.disabled=true -Dfile.encoding=utf8 -XX:+UseParallelGC -XX:GCTimeRatio=4 -XX:AdaptiveSizePolicyWeight=90 -Dsun.zip.disableMemoryMapping=true -Xmx2G -Xms100m -Xlog:disable -javaagent:c:\Users\Lenovo\.vscode\extensions\redhat.java-1.56.0-win32-x64\lombok\lombok-1.18.39-4050.jar -XX:+HeapDumpOnOutOfMemoryError -XX:HeapDumpPath=c:\Users\Lenovo\AppData\Roaming\Code\User\workspaceStorage\e496caea2e03d1f4e87f2f5bdf89700b\redhat.java -Daether.dependencyCollector.impl=bf c:\Users\Lenovo\.vscode\extensions\redhat.java-1.56.0-win32-x64\server\plugins\org.eclipse.equinox.launcher_1.8.0.v20260804-1928.jar -configuration c:\Users\Lenovo\AppData\Roaming\Code\User\globalStorage\redhat.java\1.56.0\config_win -data c:\Users\Lenovo\AppData\Roaming\Code\User\workspaceStorage\e496caea2e03d1f4e87f2f5bdf89700b\redhat.java\jdt_ws --stdio

Host: Intel(R) Core(TM) i3-10110U CPU @ 2.10GHz, 4 cores, 7G,  Windows 11 , 64 bit Build 26100 (10.0.26100.8521)
Time: Wed Sep  9 23:24:04 2026 Hora oficial do Brasil elapsed time: 1.287387 seconds (0d 0h 0m 1s)

---------------  T H R E A D  ---------------

Current thread (0x00000228f72d0330):  JavaThread "C2 CompilerThread0" daemon [_thread_in_native, id=152340, stack(0x0000004e2d600000,0x0000004e2d700000) (1024K)]


Current CompileTask:
C2:1287 1329       4       lombok.launch.PackageShader::apply (252 bytes)

Stack: [0x0000004e2d600000,0x0000004e2d700000]
Native frames: (J=compiled Java code, j=interpreted, Vv=VM code, C=native code)
V  [jvm.dll+0x6d83e9]
V  [jvm.dll+0x8b5736]
V  [jvm.dll+0x8b7cee]
V  [jvm.dll+0x8b83d3]
V  [jvm.dll+0x284596]
V  [jvm.dll+0xc685d]
V  [jvm.dll+0xc6da1]
V  [jvm.dll+0x2fb5ae]
V  [jvm.dll+0x5fee94]
V  [jvm.dll+0x255d67]
V  [jvm.dll+0x25612d]
V  [jvm.dll+0x24e6a0]
V  [jvm.dll+0x24bbe6]
V  [jvm.dll+0x1cb4ae]
V  [jvm.dll+0x25baad]
V  [jvm.dll+0x25a03a]
V  [jvm.dll+0x3f8aae]
V  [jvm.dll+0x8600cd]
V  [jvm.dll+0x6d6c1d]
C  [ucrtbase.dll+0x2cd30]
C  [KERNEL32.DLL+0x2e957]
C  [ntdll.dll+0x87c1c]


---------------  P R O C E S S  ---------------

Threads class SMR info:
_java_thread_list=0x00000228fc2a2950, length=11, elements={
0x00000228ed5ce610, 0x00000228ef96dc30, 0x00000228f72a8790, 0x00000228f72aaf20,
0x00000228f72adb30, 0x00000228f72b4a10, 0x00000228f72b3cf0, 0x00000228f72d0330,
0x00000228f72d5350, 0x00000228f72b4380, 0x00000228f72b50a0
}

Java Threads: ( => current thread )
  0x00000228ed5ce610 JavaThread "main"                              [_thread_in_native, id=175384, stack(0x0000004e2cc00000,0x0000004e2cd00000) (1024K)]
  0x00000228ef96dc30 JavaThread "Reference Handler"          daemon [_thread_blocked, id=135436, stack(0x0000004e2d000000,0x0000004e2d100000) (1024K)]
  0x00000228f72a8790 JavaThread "Finalizer"                  daemon [_thread_blocked, id=177856, stack(0x0000004e2d100000,0x0000004e2d200000) (1024K)]
  0x00000228f72aaf20 JavaThread "Signal Dispatcher"          daemon [_thread_blocked, id=158920, stack(0x0000004e2d200000,0x0000004e2d300000) (1024K)]
  0x00000228f72adb30 JavaThread "Attach Listener"            daemon [_thread_blocked, id=180996, stack(0x0000004e2d300000,0x0000004e2d400000) (1024K)]
  0x00000228f72b4a10 JavaThread "Service Thread"             daemon [_thread_blocked, id=176604, stack(0x0000004e2d400000,0x0000004e2d500000) (1024K)]
  0x00000228f72b3cf0 JavaThread "Monitor Deflation Thread"   daemon [_thread_blocked, id=176244, stack(0x0000004e2d500000,0x0000004e2d600000) (1024K)]
=>0x00000228f72d0330 JavaThread "C2 CompilerThread0"         daemon [_thread_in_native, id=152340, stack(0x0000004e2d600000,0x0000004e2d700000) (1024K)]
  0x00000228f72d5350 JavaThread "C1 CompilerThread0"         daemon [_thread_blocked, id=168764, stack(0x0000004e2d700000,0x0000004e2d800000) (1024K)]
  0x00000228f72b4380 JavaThread "Common-Cleaner"             daemon [_thread_blocked, id=164832, stack(0x0000004e2d800000,0x0000004e2d900000) (1024K)]
  0x00000228f72b50a0 JavaThread "Notification Thread"        daemon [_thread_blocked, id=181532, stack(0x0000004e2d900000,0x0000004e2da00000) (1024K)]
Total: 11

Other Threads:
  0x00000228f729f500 VMThread "VM Thread"                           [id=181984, stack(0x0000004e2cf00000,0x0000004e2d000000) (1024K)]
  0x00000228f723ca10 WatcherThread "VM Periodic Task Thread"        [id=179584, stack(0x0000004e2ce00000,0x0000004e2cf00000) (1024K)]
  0x00000228ef8d6a20 WorkerThread "GC Thread#0"                     [id=160108, stack(0x0000004e2cd00000,0x0000004e2ce00000) (1024K)]
  0x00000228fc5a4270 WorkerThread "GC Thread#1"                     [id=181796, stack(0x0000004e2da00000,0x0000004e2db00000) (1024K)]
  0x00000228fc65fda0 WorkerThread "GC Thread#2"                     [id=179112, stack(0x0000004e2db00000,0x0000004e2dc00000) (1024K)]
  0x00000228fc660150 WorkerThread "GC Thread#3"                     [id=167496, stack(0x0000004e2dc00000,0x0000004e2dd00000) (1024K)]
Total: 6

Threads with active compile tasks:
C2 CompilerThread0  1321 1329       4       lombok.launch.PackageShader::apply (252 bytes)
Total: 1

VM state: not at safepoint (normal execution)

VM Mutex/Monitor currently owned by a thread: None

Heap address: 0x0000000080000000, size: 2048 MB, Compressed Oops mode: 32-bit

CDS archive(s) mapped at: [0x000002288f000000-0x000002288fba0000-0x000002288fba0000), size 12189696, SharedBaseAddress: 0x000002288f000000, ArchiveRelocationMode: 1.
Compressed class space mapped at: 0x0000022890000000-0x00000228d0000000, reserved size: 1073741824
Narrow klass base: 0x000002288f000000, Narrow klass shift: 0, Narrow klass range: 0x100000000

GC Precious Log:
 CardTable entry size: 512
 CPUs: 4 total, 4 available
 Memory: 8026M
 Large Page Support: Disabled
 NUMA Support: Disabled
 Compressed Oops: Enabled (32-bit)
 Alignments: Space 512K, Generation 512K, Heap 2M
 Heap Min Capacity: 100M
 Heap Initial Capacity: 100M
 Heap Max Capacity: 2G
 Pre-touch: Disabled
 Parallel Workers: 4

Heap:
 PSYoungGen      total 29696K, used 13289K [0x00000000d5580000, 0x00000000d7680000, 0x0000000100000000)
  eden space 25600K, 39% used [0x00000000d5580000,0x00000000d5f46510,0x00000000d6e80000)
  from space 4096K, 80% used [0x00000000d6e80000,0x00000000d71b4148,0x00000000d7280000)
  to   space 4096K, 0% used [0x00000000d7280000,0x00000000d7280000,0x00000000d7680000)
 ParOldGen       total 68608K, used 16K [0x0000000080000000, 0x0000000084300000, 0x00000000d5580000)
  object space 68608K, 0% used [0x0000000080000000,0x0000000080004000,0x0000000084300000)
 Metaspace       used 6285K, committed 6592K, reserved 1114112K
  class space    used 645K, committed 768K, reserved 1048576K

Card table byte_map: [0x00000228ef270000,0x00000228ef680000] _byte_map_base: 0x00000228eee70000

Marking Bits: (ParMarkBitMap*) 0x00007ff86f4444a0
 Begin Bits: [0x00000228f2d60000, 0x00000228f4d60000)
 End Bits:   [0x00000228f4d60000, 0x00000228f6d60000)

Polling page: 0x00000228edab0000

Metaspace:

Usage:
  Non-class:      5.51 MB used.
      Class:    645.49 KB used.
       Both:      6.14 MB used.

Virtual space:
  Non-class space:       64.00 MB reserved,       5.69 MB (  9%) committed,  1 nodes.
      Class space:        1.00 GB reserved,     768.00 KB ( <1%) committed,  1 nodes.
             Both:        1.06 GB reserved,       6.44 MB ( <1%) committed. 

Chunk freelists:
   Non-Class:  9.91 MB
       Class:  15.07 MB
        Both:  24.97 MB

MaxMetaspaceSize: unlimited
CompressedClassSpaceSize: 1.00 GB
Initial GC threshold: 21.00 MB
Current GC threshold: 21.00 MB
CDS: on
 - commit_granule_bytes: 65536.
 - commit_granule_words: 8192.
 - virtual_space_node_default_size: 8388608.
 - enlarge_chunks_in_place: 1.
 - use_allocation_guard: 0.


Internal statistics:

num_allocs_failed_limit: 0.
num_arena_births: 198.
num_arena_deaths: 0.
num_vsnodes_births: 2.
num_vsnodes_deaths: 0.
num_space_committed: 103.
num_space_uncommitted: 0.
num_chunks_returned_to_freelist: 0.
num_chunks_taken_from_freelist: 323.
num_chunk_merges: 0.
num_chunk_splits: 209.
num_chunks_enlarged: 135.
num_inconsistent_stats: 0.

CodeHeap 'non-profiled nmethods': size=120000Kb used=481Kb max_used=481Kb free=119518Kb
 bounds [0x0000022887ad0000, 0x0000022887d40000, 0x000002288f000000]
CodeHeap 'profiled nmethods': size=120000Kb used=2265Kb max_used=2265Kb free=117734Kb
 bounds [0x0000022880000000, 0x0000022880270000, 0x0000022887530000]
CodeHeap 'non-nmethods': size=5760Kb used=1205Kb max_used=1224Kb free=4554Kb
 bounds [0x0000022887530000, 0x00000228877a0000, 0x0000022887ad0000]
CodeCache: size=245760Kb, used=3951Kb, max_used=3970Kb, free=241806Kb
 total_blobs=1810, nmethods=1341, adapters=376, full_count=0
Compilation: enabled, stopped_count=0, restarted_count=0

Compilation events (20 events):
Event: 1.207 Thread 0x00000228f72d5350 1323       3       java.security.Provider$ServiceKey::equals (53 bytes)
Event: 1.208 Thread 0x00000228f72d5350 nmethod 1323 0x000002288022a610 code [0x000002288022a800, 0x000002288022ac90]
Event: 1.208 Thread 0x00000228f72d5350 1324       3       java.util.ArrayList::addAll (76 bytes)
Event: 1.208 Thread 0x00000228f72d5350 nmethod 1324 0x000002288022ae10 code [0x000002288022b000, 0x000002288022b490]
Event: 1.209 Thread 0x00000228f72d5350 1325       3       java.lang.ClassLoader::defineClass (43 bytes)
Event: 1.209 Thread 0x00000228f72d5350 nmethod 1325 0x000002288022b610 code [0x000002288022b820, 0x000002288022bd30]
Event: 1.209 Thread 0x00000228f72d5350 1326       3       java.lang.ClassLoader::preDefineClass (118 bytes)
Event: 1.211 Thread 0x00000228f72d5350 nmethod 1326 0x000002288022bf90 code [0x000002288022c300, 0x000002288022d4a0]
Event: 1.211 Thread 0x00000228f72d5350 1327   !   3       java.lang.ClassLoader::addClass (27 bytes)
Event: 1.211 Thread 0x00000228f72d5350 nmethod 1327 0x000002288022db90 code [0x000002288022dd80, 0x000002288022e300]
Event: 1.211 Thread 0x00000228f72d0330 nmethod 1309 0x0000022887b46790 code [0x0000022887b46920, 0x0000022887b46b40]
Event: 1.211 Thread 0x00000228f72d0330 1306       4       java.util.HashMap$KeyIterator::next (8 bytes)
Event: 1.211 Thread 0x00000228f72d5350 1328       3       sun.net.util.IPAddressUtil::checkHostString (64 bytes)
Event: 1.211 Thread 0x00000228f72d5350 nmethod 1328 0x000002288022e610 code [0x000002288022e7e0, 0x000002288022e9e8]
Event: 1.216 Thread 0x00000228f72d0330 nmethod 1306 0x0000022887b46c10 code [0x0000022887b46da0, 0x0000022887b47038]
Event: 1.216 Thread 0x00000228f72d0330 1321       4       java.lang.StringLatin1::newString (24 bytes)
Event: 1.220 Thread 0x00000228f72d0330 nmethod 1321 0x0000022887b47190 code [0x0000022887b47340, 0x0000022887b47870]
Event: 1.220 Thread 0x00000228f72d0330 1329       4       lombok.launch.PackageShader::apply (252 bytes)
Event: 1.236 Thread 0x00000228f72d5350 1331       3       sun.net.util.URLUtil::urlNoFragString (143 bytes)
Event: 1.237 Thread 0x00000228f72d5350 nmethod 1331 0x000002288022ea90 code [0x000002288022edc0, 0x000002288022fd38]

GC Heap History (2 events):
Event: 0.942 GC heap before
{Heap before GC invocations=1 (full 0):
 PSYoungGen      total 29696K, used 25600K [0x00000000d5580000, 0x00000000d7680000, 0x0000000100000000)
  eden space 25600K, 100% used [0x00000000d5580000,0x00000000d6e80000,0x00000000d6e80000)
  from space 4096K, 0% used [0x00000000d7280000,0x00000000d7280000,0x00000000d7680000)
  to   space 4096K, 0% used [0x00000000d6e80000,0x00000000d6e80000,0x00000000d7280000)
 ParOldGen       total 68608K, used 0K [0x0000000080000000, 0x0000000084300000, 0x00000000d5580000)
  object space 68608K, 0% used [0x0000000080000000,0x0000000080000000,0x0000000084300000)
 Metaspace       used 4337K, committed 4544K, reserved 1114112K
  class space    used 475K, committed 576K, reserved 1048576K
}
Event: 0.949 GC heap after
{Heap after GC invocations=1 (full 0):
 PSYoungGen      total 29696K, used 3280K [0x00000000d5580000, 0x00000000d7680000, 0x0000000100000000)
  eden space 25600K, 0% used [0x00000000d5580000,0x00000000d5580000,0x00000000d6e80000)
  from space 4096K, 80% used [0x00000000d6e80000,0x00000000d71b4148,0x00000000d7280000)
  to   space 4096K, 0% used [0x00000000d7280000,0x00000000d7280000,0x00000000d7680000)
 ParOldGen       total 68608K, used 16K [0x0000000080000000, 0x0000000084300000, 0x00000000d5580000)
  object space 68608K, 0% used [0x0000000080000000,0x0000000080004000,0x0000000084300000)
 Metaspace       used 4337K, committed 4544K, reserved 1114112K
  class space    used 475K, committed 576K, reserved 1048576K
}

Dll operation events (16 events):
Event: 0.020 Attempting to load shared library c:\Users\Lenovo\.vscode\extensions\redhat.java-1.56.0-win32-x64\jre\21.0.12.1-win32-x86_64\bin\java.dll
Event: 0.020 Loaded shared library c:\Users\Lenovo\.vscode\extensions\redhat.java-1.56.0-win32-x64\jre\21.0.12.1-win32-x86_64\bin\java.dll
Event: 0.116 Attempting to load shared library c:\Users\Lenovo\.vscode\extensions\redhat.java-1.56.0-win32-x64\jre\21.0.12.1-win32-x86_64\bin\zip.dll
Event: 0.117 Loaded shared library c:\Users\Lenovo\.vscode\extensions\redhat.java-1.56.0-win32-x64\jre\21.0.12.1-win32-x86_64\bin\zip.dll
Event: 0.146 Attempting to load shared library C:\Users\Lenovo\.vscode\extensions\redhat.java-1.56.0-win32-x64\jre\21.0.12.1-win32-x86_64\bin\instrument.dll
Event: 0.146 Loaded shared library C:\Users\Lenovo\.vscode\extensions\redhat.java-1.56.0-win32-x64\jre\21.0.12.1-win32-x86_64\bin\instrument.dll
Event: 0.150 Attempting to load shared library C:\Users\Lenovo\.vscode\extensions\redhat.java-1.56.0-win32-x64\jre\21.0.12.1-win32-x86_64\bin\net.dll
Event: 0.153 Loaded shared library C:\Users\Lenovo\.vscode\extensions\redhat.java-1.56.0-win32-x64\jre\21.0.12.1-win32-x86_64\bin\net.dll
Event: 0.156 Attempting to load shared library C:\Users\Lenovo\.vscode\extensions\redhat.java-1.56.0-win32-x64\jre\21.0.12.1-win32-x86_64\bin\nio.dll
Event: 0.157 Loaded shared library C:\Users\Lenovo\.vscode\extensions\redhat.java-1.56.0-win32-x64\jre\21.0.12.1-win32-x86_64\bin\nio.dll
Event: 0.162 Attempting to load shared library C:\Users\Lenovo\.vscode\extensions\redhat.java-1.56.0-win32-x64\jre\21.0.12.1-win32-x86_64\bin\zip.dll
Event: 0.162 Loaded shared library C:\Users\Lenovo\.vscode\extensions\redhat.java-1.56.0-win32-x64\jre\21.0.12.1-win32-x86_64\bin\zip.dll
Event: 0.185 Attempting to load shared library C:\Users\Lenovo\.vscode\extensions\redhat.java-1.56.0-win32-x64\jre\21.0.12.1-win32-x86_64\bin\jimage.dll
Event: 0.185 Loaded shared library C:\Users\Lenovo\.vscode\extensions\redhat.java-1.56.0-win32-x64\jre\21.0.12.1-win32-x86_64\bin\jimage.dll
Event: 0.293 Attempting to load shared library c:\Users\Lenovo\.vscode\extensions\redhat.java-1.56.0-win32-x64\jre\21.0.12.1-win32-x86_64\bin\verify.dll
Event: 0.294 Loaded shared library c:\Users\Lenovo\.vscode\extensions\redhat.java-1.56.0-win32-x64\jre\21.0.12.1-win32-x86_64\bin\verify.dll

Deoptimization events (20 events):
Event: 1.026 Thread 0x00000228ed5ce610 DEOPT PACKING pc=0x0000022887b28654 sp=0x0000004e2ccfecc0
Event: 1.026 Thread 0x00000228ed5ce610 DEOPT UNPACKING pc=0x0000022887583aa2 sp=0x0000004e2ccfec58 mode 2
Event: 1.026 Thread 0x00000228ed5ce610 Uncommon trap: trap_request=0xffffffde fr.pc=0x0000022887b211d4 relative=0x00000000000005b4
Event: 1.026 Thread 0x00000228ed5ce610 Uncommon trap: reason=class_check action=maybe_recompile pc=0x0000022887b211d4 method=java.util.Collections$UnmodifiableCollection$1.<init>(Ljava/util/Collections$UnmodifiableCollection;)V @ 17 c2
Event: 1.026 Thread 0x00000228ed5ce610 DEOPT PACKING pc=0x0000022887b211d4 sp=0x0000004e2ccfecf0
Event: 1.026 Thread 0x00000228ed5ce610 DEOPT UNPACKING pc=0x0000022887583aa2 sp=0x0000004e2ccfec38 mode 2
Event: 1.197 Thread 0x00000228ed5ce610 Uncommon trap: trap_request=0xffffff45 fr.pc=0x0000022887b3b0c4 relative=0x0000000000000e84
Event: 1.197 Thread 0x00000228ed5ce610 Uncommon trap: reason=unstable_if action=reinterpret pc=0x0000022887b3b0c4 method=java.lang.String.<init>(Ljava/nio/charset/Charset;[BII)V @ 6 c2
Event: 1.197 Thread 0x00000228ed5ce610 DEOPT PACKING pc=0x0000022887b3b0c4 sp=0x0000004e2ccfe970
Event: 1.197 Thread 0x00000228ed5ce610 DEOPT UNPACKING pc=0x0000022887583aa2 sp=0x0000004e2ccfe940 mode 2
Event: 1.215 Thread 0x00000228ed5ce610 Uncommon trap: trap_request=0xffffff45 fr.pc=0x0000022887b1630c relative=0x0000000000000fcc
Event: 1.215 Thread 0x00000228ed5ce610 Uncommon trap: reason=unstable_if action=reinterpret pc=0x0000022887b1630c method=lombok.patcher.PatchScript.classMatches(Ljava/lang/String;Ljava/util/Collection;)Z @ 25 c2
Event: 1.215 Thread 0x00000228ed5ce610 DEOPT PACKING pc=0x0000022887b1630c sp=0x0000004e2ccf9050
Event: 1.215 Thread 0x00000228ed5ce610 DEOPT UNPACKING pc=0x0000022887583aa2 sp=0x0000004e2ccf9010 mode 2
Event: 1.215 Thread 0x00000228ed5ce610 Uncommon trap: trap_request=0xffffff45 fr.pc=0x0000022887b1fc28 relative=0x0000000000000088
Event: 1.215 Thread 0x00000228ed5ce610 Uncommon trap: reason=unstable_if action=reinterpret pc=0x0000022887b1fc28 method=lombok.patcher.scripts.MethodLevelPatchScript.patch(Ljava/lang/String;[BLlombok/patcher/TransplantMapper;)[B @ 8 c2
Event: 1.215 Thread 0x00000228ed5ce610 DEOPT PACKING pc=0x0000022887b1fc28 sp=0x0000004e2ccf90c0
Event: 1.215 Thread 0x00000228ed5ce610 DEOPT UNPACKING pc=0x0000022887583aa2 sp=0x0000004e2ccf9050 mode 2
Event: 1.217 Thread 0x00000228ed5ce610 DEOPT PACKING pc=0x000002288009da8d sp=0x0000004e2ccf84c0
Event: 1.217 Thread 0x00000228ed5ce610 DEOPT UNPACKING pc=0x0000022887584242 sp=0x0000004e2ccf7970 mode 0

Classes loaded (20 events):
Event: 1.127 Loading class java/util/concurrent/RejectedExecutionHandler
Event: 1.127 Loading class java/util/concurrent/RejectedExecutionHandler done
Event: 1.127 Loading class java/util/concurrent/LinkedBlockingQueue
Event: 1.127 Loading class java/util/concurrent/LinkedBlockingQueue done
Event: 1.127 Loading class java/util/concurrent/LinkedBlockingQueue$Node
Event: 1.128 Loading class java/util/concurrent/LinkedBlockingQueue$Node done
Event: 1.146 Loading class java/util/concurrent/Semaphore$NonfairSync
Event: 1.146 Loading class java/util/concurrent/Semaphore$Sync
Event: 1.146 Loading class java/util/concurrent/Semaphore$Sync done
Event: 1.146 Loading class java/util/concurrent/Semaphore$NonfairSync done
Event: 1.161 Loading class java/lang/reflect/TypeVariable
Event: 1.162 Loading class java/lang/reflect/TypeVariable done
Event: 1.162 Loading class java/lang/InstantiationException
Event: 1.162 Loading class java/lang/InstantiationException done
Event: 1.162 Loading class java/lang/reflect/AnnotatedType
Event: 1.162 Loading class java/lang/reflect/AnnotatedType done
Event: 1.168 Loading class java/util/ComparableTimSort
Event: 1.168 Loading class java/util/ComparableTimSort done
Event: 1.229 Loading class java/lang/TypeNotPresentException
Event: 1.229 Loading class java/lang/TypeNotPresentException done

Classes unloaded (0 events):
No events

Classes redefined (0 events):
No events

Internal exceptions (20 events):
Event: 0.670 Thread 0x00000228ed5ce610 Exception <a 'java/io/FileNotFoundException'{0x00000000d64d5070}> (0x00000000d64d5070) 
thrown [s\src\hotspot\share\prims\jni.cpp, line 520]
Event: 0.670 Thread 0x00000228ed5ce610 Exception <a 'java/io/FileNotFoundException'{0x00000000d64d5d28}> (0x00000000d64d5d28) 
thrown [s\src\hotspot\share\prims\jni.cpp, line 520]
Event: 0.671 Thread 0x00000228ed5ce610 Exception <a 'java/io/FileNotFoundException'{0x00000000d64d68a8}> (0x00000000d64d68a8) 
thrown [s\src\hotspot\share\prims\jni.cpp, line 520]
Event: 0.676 Thread 0x00000228ed5ce610 Implicit null exception at 0x0000022887b01ca4 to 0x0000022887b02270
Event: 0.679 Thread 0x00000228ed5ce610 Exception <a 'java/io/FileNotFoundException'{0x00000000d650f210}> (0x00000000d650f210) 
thrown [s\src\hotspot\share\prims\jni.cpp, line 520]
Event: 0.696 Thread 0x00000228ed5ce610 Exception <a 'java/lang/NoSuchMethodError'{0x00000000d6547eb8}: 'java.lang.Object java.lang.invoke.DirectMethodHandle$Holder.invokeInterface(java.lang.Object, java.lang.Object)'> (0x00000000d6547eb8) 
thrown [s\src\hotspot\share\interpreter\linkResolver.cpp, line 773]
Event: 0.700 Thread 0x00000228ed5ce610 Exception <a 'java/lang/NoSuchMethodError'{0x00000000d655b4f8}: 'java.lang.Object java.lang.invoke.Invokers$Holder.invokeExact_MT(java.lang.Object, java.lang.Object, java.lang.Object, java.lang.Object, java.lang.Object, java.lang.Object)'> (0x00000000d655b4f8) 
thrown [s\src\hotspot\share\interpreter\linkResolver.cpp, line 773]
Event: 0.703 Thread 0x00000228ed5ce610 Exception <a 'java/lang/NoSuchMethodError'{0x00000000d65725d0}: 'int java.lang.invoke.DirectMethodHandle$Holder.invokeStatic(java.lang.Object, java.lang.Object, java.lang.Object, java.lang.Object, java.lang.Object)'> (0x00000000d65725d0) 
thrown [s\src\hotspot\share\interpreter\linkResolver.cpp, line 773]
Event: 0.731 Thread 0x00000228ed5ce610 Exception <a 'java/lang/NoSuchMethodError'{0x00000000d6606fd0}: 'java.lang.Object java.lang.invoke.DirectMethodHandle$Holder.invokeInterface(java.lang.Object, java.lang.Object, int)'> (0x00000000d6606fd0) 
thrown [s\src\hotspot\share\interpreter\linkResolver.cpp, line 773]
Event: 0.878 Thread 0x00000228ed5ce610 Exception <a 'java/lang/NoSuchMethodError'{0x00000000d6a8ad08}: 'java.lang.ClassLoader java.lang.ClassLoader.getPlatformClassLoader(java.lang.Class)'> (0x00000000d6a8ad08) 
thrown [s\src\hotspot\share\interpreter\linkResolver.cpp, line 773]
Event: 0.961 Thread 0x00000228ed5ce610 Exception <a 'java/lang/ClassNotFoundException'{0x00000000d55c3630}: sun/net/www/protocol/c/Handler> (0x00000000d55c3630) 
thrown [s\src\hotspot\share\classfile\systemDictionary.cpp, line 313]
Event: 0.962 Thread 0x00000228ed5ce610 Exception <a 'java/lang/ClassNotFoundException'{0x00000000d55c49d0}: sun/net/www/protocol/c/Handler> (0x00000000d55c49d0) 
thrown [s\src\hotspot\share\classfile\systemDictionary.cpp, line 313]
Event: 0.962 Thread 0x00000228ed5ce610 Exception <a 'java/lang/ClassNotFoundException'{0x00000000d55c5bb8}: sun/net/www/protocol/c/Handler> (0x00000000d55c5bb8) 
thrown [s\src\hotspot\share\classfile\systemDictionary.cpp, line 313]
Event: 0.976 Thread 0x00000228ed5ce610 Exception <a 'java/io/FileNotFoundException'{0x00000000d55eee60}> (0x00000000d55eee60) 
thrown [s\src\hotspot\share\prims\jni.cpp, line 520]
Event: 1.023 Thread 0x00000228ed5ce610 Implicit null exception at 0x0000022887b23cc9 to 0x0000022887b2469c
Event: 1.024 Thread 0x00000228ed5ce610 Implicit null exception at 0x0000022887b2a49a to 0x0000022887b2a6bc
Event: 1.024 Thread 0x00000228ed5ce610 Exception <a 'java/lang/NoSuchMethodError'{0x00000000d5723b70}: 'void java.lang.invoke.DirectMethodHandle$Holder.invokeStatic(java.lang.Object, java.lang.Object, java.lang.Object, java.lang.Object)'> (0x00000000d5723b70) 
thrown [s\src\hotspot\share\interpreter\linkResolver.cpp, line 773]
Event: 1.026 Thread 0x00000228ed5ce610 Implicit null exception at 0x0000022887b2ef1a to 0x0000022887b2f13c
Event: 1.026 Thread 0x00000228ed5ce610 Implicit null exception at 0x0000022887b285c0 to 0x0000022887b28645
Event: 1.163 Thread 0x00000228ed5ce610 Exception <a 'java/lang/NoSuchMethodError'{0x00000000d5b88b98}: 'int java.lang.invoke.DirectMethodHandle$Holder.invokeVirtual(java.lang.Object, java.lang.Object)'> (0x00000000d5b88b98) 
thrown [s\src\hotspot\share\interpreter\linkResolver.cpp, line 773]

ZGC Phase Switch (0 events):
No events

VM Operations (12 events):
Event: 0.115 Executing non-safepoint VM operation: HandshakeAllThreads (Deoptimize)
Event: 0.115 Executing non-safepoint VM operation: HandshakeAllThreads (Deoptimize) done
Event: 0.201 Executing non-safepoint VM operation: HandshakeAllThreads (Deoptimize)
Event: 0.201 Executing non-safepoint VM operation: HandshakeAllThreads (Deoptimize) done
Event: 0.618 Executing non-safepoint VM operation: HandshakeAllThreads (Deoptimize)
Event: 0.618 Executing non-safepoint VM operation: HandshakeAllThreads (Deoptimize) done
Event: 0.642 Executing non-safepoint VM operation: HandshakeAllThreads (Deoptimize)
Event: 0.642 Executing non-safepoint VM operation: HandshakeAllThreads (Deoptimize) done
Event: 0.920 Executing safepoint VM operation: ICBufferFull
Event: 0.920 Executing safepoint VM operation: ICBufferFull done
Event: 0.942 Executing safepoint VM operation: ParallelGCFailedAllocation (Allocation Failure)
Event: 0.949 Executing safepoint VM operation: ParallelGCFailedAllocation (Allocation Failure) done

Memory protections (0 events):
No events

Nmethod flushes (0 events):
No events

Events (11 events):
Event: 0.051 Thread 0x00000228ed5ce610 Thread added: 0x00000228ed5ce610
Event: 0.069 Thread 0x00000228ed5ce610 Thread added: 0x00000228ef96dc30
Event: 0.070 Thread 0x00000228ed5ce610 Thread added: 0x00000228f72a8790
Event: 0.070 Thread 0x00000228ed5ce610 Thread added: 0x00000228f72aaf20
Event: 0.070 Thread 0x00000228ed5ce610 Thread added: 0x00000228f72adb30
Event: 0.070 Thread 0x00000228ed5ce610 Thread added: 0x00000228f72b4a10
Event: 0.070 Thread 0x00000228ed5ce610 Thread added: 0x00000228f72b3cf0
Event: 0.070 Thread 0x00000228ed5ce610 Thread added: 0x00000228f72d0330
Event: 0.070 Thread 0x00000228ed5ce610 Thread added: 0x00000228f72d5350
Event: 0.147 Thread 0x00000228ed5ce610 Thread added: 0x00000228f72b4380
Event: 0.431 Thread 0x00000228ed5ce610 Thread added: 0x00000228f72b50a0


Dynamic libraries:
0x00007ff738450000 - 0x00007ff73845e000 	c:\Users\Lenovo\.vscode\extensions\redhat.java-1.56.0-win32-x64\jre\21.0.12.1-win32-x86_64\bin\java.exe
0x00007ff910ec0000 - 0x00007ff911126000 	C:\WINDOWS\SYSTEM32\ntdll.dll
0x00007ff910a20000 - 0x00007ff910ae9000 	C:\WINDOWS\System32\KERNEL32.DLL
0x00007ff90e210000 - 0x00007ff90e60a000 	C:\WINDOWS\System32\KERNELBASE.dll
0x00007ff90aac0000 - 0x00007ff90ab60000 	C:\WINDOWS\SYSTEM32\apphelp.dll
0x00007ff90e6c0000 - 0x00007ff90e80c000 	C:\WINDOWS\System32\ucrtbase.dll
0x00007ff8ea0c0000 - 0x00007ff8ea0d8000 	c:\Users\Lenovo\.vscode\extensions\redhat.java-1.56.0-win32-x64\jre\21.0.12.1-win32-x86_64\bin\jli.dll
0x00007ff90f640000 - 0x00007ff90f807000 	C:\WINDOWS\System32\USER32.dll
0x00007ff90e810000 - 0x00007ff90e837000 	C:\WINDOWS\System32\win32u.dll
0x00007ff90f4b0000 - 0x00007ff90f4db000 	C:\WINDOWS\System32\GDI32.dll
0x00007ff90ea70000 - 0x00007ff90eb9b000 	C:\WINDOWS\System32\gdi32full.dll
0x00007ff90e610000 - 0x00007ff90e6b3000 	C:\WINDOWS\System32\msvcp_win.dll
0x00007ff8e97d0000 - 0x00007ff8e97ee000 	c:\Users\Lenovo\.vscode\extensions\redhat.java-1.56.0-win32-x64\jre\21.0.12.1-win32-x86_64\bin\VCRUNTIME140.dll
0x00007ff8f5160000 - 0x00007ff8f53f2000 	C:\WINDOWS\WinSxS\amd64_microsoft.windows.common-controls_6595b64144ccf1df_6.0.26100.8521_none_3e08b75ce33403b3\COMCTL32.dll
0x00007ff910970000 - 0x00007ff910a19000 	C:\WINDOWS\System32\msvcrt.dll
0x00007ff90f570000 - 0x00007ff90f5a2000 	C:\WINDOWS\System32\IMM32.DLL
0x00007ff8fe0f0000 - 0x00007ff8fe0fc000 	c:\Users\Lenovo\.vscode\extensions\redhat.java-1.56.0-win32-x64\jre\21.0.12.1-win32-x86_64\bin\vcruntime140_1.dll
0x00007ff8d0990000 - 0x00007ff8d0a1d000 	c:\Users\Lenovo\.vscode\extensions\redhat.java-1.56.0-win32-x64\jre\21.0.12.1-win32-x86_64\bin\msvcp140.dll
0x00007ff86e780000 - 0x00007ff86f522000 	c:\Users\Lenovo\.vscode\extensions\redhat.java-1.56.0-win32-x64\jre\21.0.12.1-win32-x86_64\bin\server\jvm.dll
0x00007ff910dc0000 - 0x00007ff910e76000 	C:\WINDOWS\System32\ADVAPI32.dll
0x00007ff90f330000 - 0x00007ff90f3da000 	C:\WINDOWS\System32\sechost.dll
0x00007ff90ed30000 - 0x00007ff90ee48000 	C:\WINDOWS\System32\RPCRT4.dll
0x00007ff90fba0000 - 0x00007ff90fc20000 	C:\WINDOWS\System32\WS2_32.dll
0x00007ff90dfd0000 - 0x00007ff90e02e000 	C:\WINDOWS\SYSTEM32\POWRPROF.dll
0x00007ff8f58b0000 - 0x00007ff8f58e6000 	C:\WINDOWS\SYSTEM32\WINMM.dll
0x00007ff8fe250000 - 0x00007ff8fe25b000 	C:\WINDOWS\SYSTEM32\VERSION.dll
0x00007ff90dfb0000 - 0x00007ff90dfc4000 	C:\WINDOWS\SYSTEM32\UMPDC.dll
0x00007ff90cee0000 - 0x00007ff90cefb000 	C:\WINDOWS\SYSTEM32\kernel.appcore.dll
0x00007ff8fce60000 - 0x00007ff8fce6a000 	c:\Users\Lenovo\.vscode\extensions\redhat.java-1.56.0-win32-x64\jre\21.0.12.1-win32-x86_64\bin\jimage.dll
0x00007ff90b840000 - 0x00007ff90ba82000 	C:\WINDOWS\SYSTEM32\DBGHELP.DLL
0x00007ff90f810000 - 0x00007ff90fb93000 	C:\WINDOWS\System32\combase.dll
0x00007ff9104c0000 - 0x00007ff910599000 	C:\WINDOWS\System32\OLEAUT32.dll
0x00007ff8f1e00000 - 0x00007ff8f1e3b000 	C:\WINDOWS\SYSTEM32\dbgcore.DLL
0x00007ff90e9c0000 - 0x00007ff90ea68000 	C:\WINDOWS\System32\bcryptPrimitives.dll
0x00007ff8fc8e0000 - 0x00007ff8fc8ef000 	c:\Users\Lenovo\.vscode\extensions\redhat.java-1.56.0-win32-x64\jre\21.0.12.1-win32-x86_64\bin\instrument.dll
0x00007ff8e9410000 - 0x00007ff8e9430000 	c:\Users\Lenovo\.vscode\extensions\redhat.java-1.56.0-win32-x64\jre\21.0.12.1-win32-x86_64\bin\java.dll
0x00007ff90fd30000 - 0x00007ff9104b4000 	C:\WINDOWS\System32\SHELL32.dll
0x00007ff90bd00000 - 0x00007ff90c580000 	C:\WINDOWS\SYSTEM32\windows.storage.dll
0x00007ff910c90000 - 0x00007ff910d86000 	C:\WINDOWS\System32\SHCORE.dll
0x00007ff910700000 - 0x00007ff910767000 	C:\WINDOWS\System32\shlwapi.dll
0x00007ff90e070000 - 0x00007ff90e099000 	C:\WINDOWS\SYSTEM32\profapi.dll
0x00007ff8e93f0000 - 0x00007ff8e9408000 	c:\Users\Lenovo\.vscode\extensions\redhat.java-1.56.0-win32-x64\jre\21.0.12.1-win32-x86_64\bin\zip.dll
0x00007ff8f6af0000 - 0x00007ff8f6b00000 	C:\Users\Lenovo\.vscode\extensions\redhat.java-1.56.0-win32-x64\jre\21.0.12.1-win32-x86_64\bin\net.dll
0x00007ff900c10000 - 0x00007ff900d39000 	C:\WINDOWS\SYSTEM32\WINHTTP.dll
0x00007ff90d450000 - 0x00007ff90d4bc000 	C:\WINDOWS\system32\mswsock.dll
0x00007ff8e5bf0000 - 0x00007ff8e5c06000 	C:\Users\Lenovo\.vscode\extensions\redhat.java-1.56.0-win32-x64\jre\21.0.12.1-win32-x86_64\bin\nio.dll
0x00007ff8f6680000 - 0x00007ff8f6690000 	c:\Users\Lenovo\.vscode\extensions\redhat.java-1.56.0-win32-x64\jre\21.0.12.1-win32-x86_64\bin\verify.dll

JVMTI agents:
c:\Users\Lenovo\.vscode\extensions\redhat.java-1.56.0-win32-x64\lombok\lombok-1.18.39-4050.jar path:c:\Users\Lenovo\.vscode\extensions\redhat.java-1.56.0-win32-x64\jre\21.0.12.1-win32-x86_64\bin\instrument.dll, loaded, initialized, instrumentlib options:none

dbghelp: loaded successfully - version: 4.0.5 - missing functions: none
symbol engine: initialized successfully - sym options: 0x614 - pdb path: .;c:\Users\Lenovo\.vscode\extensions\redhat.java-1.56.0-win32-x64\jre\21.0.12.1-win32-x86_64\bin;C:\WINDOWS\SYSTEM32;C:\WINDOWS\WinSxS\amd64_microsoft.windows.common-controls_6595b64144ccf1df_6.0.26100.8521_none_3e08b75ce33403b3;c:\Users\Lenovo\.vscode\extensions\redhat.java-1.56.0-win32-x64\jre\21.0.12.1-win32-x86_64\bin\server

VM Arguments:
jvm_args: --add-modules=ALL-SYSTEM --add-opens=java.base/java.util=ALL-UNNAMED --add-opens=java.base/java.lang=ALL-UNNAMED --add-opens=java.base/sun.nio.fs=ALL-UNNAMED -Declipse.application=org.eclipse.jdt.ls.core.id1 -Dosgi.bundles.defaultStartLevel=4 -Declipse.product=org.eclipse.jdt.ls.core.product -Djava.import.generatesMetadataFilesAtProjectRoot=false -Dm2e.project.cache.size=50 -DDetectVMInstallationsJob.disabled=true -Dfile.encoding=utf8 -XX:+UseParallelGC -XX:GCTimeRatio=4 -XX:AdaptiveSizePolicyWeight=90 -Dsun.zip.disableMemoryMapping=true -Xmx2G -Xms100m -Xlog:disable -javaagent:c:\Users\Lenovo\.vscode\extensions\redhat.java-1.56.0-win32-x64\lombok\lombok-1.18.39-4050.jar -XX:+HeapDumpOnOutOfMemoryError -XX:HeapDumpPath=c:\Users\Lenovo\AppData\Roaming\Code\User\workspaceStorage\e496caea2e03d1f4e87f2f5bdf89700b\redhat.java -Daether.dependencyCollector.impl=bf 
java_command: c:\Users\Lenovo\.vscode\extensions\redhat.java-1.56.0-win32-x64\server\plugins\org.eclipse.equinox.launcher_1.8.0.v20260804-1928.jar -configuration c:\Users\Lenovo\AppData\Roaming\Code\User\globalStorage\redhat.java\1.56.0\config_win -data c:\Users\Lenovo\AppData\Roaming\Code\User\workspaceStorage\e496caea2e03d1f4e87f2f5bdf89700b\redhat.java\jdt_ws --stdio
java_class_path (initial): c:\Users\Lenovo\.vscode\extensions\redhat.java-1.56.0-win32-x64\server\plugins\org.eclipse.equinox.launcher_1.8.0.v20260804-1928.jar
Launcher Type: SUN_STANDARD

[Global flags]
    uintx AdaptiveSizePolicyWeight                 = 90                                        {product} {command line}
     intx CICompilerCount                          = 3                                         {product} {ergonomic}
    uintx GCTimeRatio                              = 4                                         {product} {command line}
     bool HeapDumpOnOutOfMemoryError               = true                                   {manageable} {command line}
    ccstr HeapDumpPath                             = c:\Users\Lenovo\AppData\Roaming\Code\User\workspaceStorage\e496caea2e03d1f4e87f2f5bdf89700b\redhat.java         {manageable} {command line}
   size_t InitialHeapSize                          = 104857600                                 {product} {command line}
   size_t MaxHeapSize                              = 2147483648                                {product} {command line}
   size_t MaxNewSize                               = 715653120                                 {product} {ergonomic}
   size_t MinHeapDeltaBytes                        = 524288                                    {product} {ergonomic}
   size_t MinHeapSize                              = 104857600                                 {product} {command line}
   size_t NewSize                                  = 34603008                                  {product} {ergonomic}
    uintx NonNMethodCodeHeapSize                   = 5832780                                {pd product} {ergonomic}
    uintx NonProfiledCodeHeapSize                  = 122912730                              {pd product} {ergonomic}
   size_t OldSize                                  = 70254592                                  {product} {ergonomic}
    uintx ProfiledCodeHeapSize                     = 122912730                              {pd product} {ergonomic}
    uintx ReservedCodeCacheSize                    = 251658240                              {pd product} {ergonomic}
     bool SegmentedCodeCache                       = true                                      {product} {ergonomic}
   size_t SoftMaxHeapSize                          = 2147483648                             {manageable} {ergonomic}
     bool UseCompressedOops                        = true                           {product lp64_product} {ergonomic}
     bool UseLargePagesIndividualAllocation        = false                                  {pd product} {ergonomic}
     bool UseParallelGC                            = true                                      {product} {command line}

Logging:
Log output configuration:
 #0: stdout all=off uptime,level,tags foldmultilines=false
 #1: stderr all=off uptime,level,tags foldmultilines=false

Release file:
JAVA_VERSION="21.0.12.1" 
MODULES="java.base java.compiler java.datatransfer java.xml java.prefs java.desktop java.instrument java.logging java.management java.security.sasl java.naming java.rmi java.management.rmi java.net.http java.scripting java.security.jgss java.transaction.xa java.sql java.sql.rowset java.xml.crypto java.se java.smartcardio jdk.accessibility jdk.internal.jvmstat jdk.attach jdk.charsets jdk.internal.opt jdk.zipfs jdk.compiler jdk.crypto.ec jdk.crypto.cryptoki jdk.crypto.mscapi jdk.dynalink jdk.internal.ed jdk.editpad jdk.hotspot.agent jdk.httpserver jdk.internal.le jdk.internal.vm.ci jdk.internal.vm.compiler jdk.internal.vm.compiler.management jdk.jartool jdk.javadoc jdk.jcmd jdk.management jdk.management.agent jdk.jconsole jdk.jdeps jdk.jdwp.agent jdk.jdi jdk.jfr jdk.jshell jdk.jsobject jdk.jstatd jdk.localedata jdk.management.jfr jdk.naming.dns jdk.naming.rmi jdk.net jdk.nio.mapmode jdk.random jdk.sctp jdk.security.auth jdk.security.jgss jdk.unsupported jdk.unsupported.desktop jdk.xml.dom" 

Environment Variables:
JAVA_HOME=C:\Program Files\Java\jdk-21
PATH=C:\Program Files\Google\Chrome\Application;C:\Program Files\Common Files\Oracle\Java\javapath;C:\WINDOWS\system32;C:\WINDOWS;C:\WINDOWS\System32\Wbem;C:\WINDOWS\System32\WindowsPowerShell\v1.0\;C:\WINDOWS\System32\OpenSSH\;C:\ProgramData\UNIVALI\Portugol Studio;C:\Program Files\Git\cmd;C:\Program Files\nodejs\;C:\Program Files\Java\jdk-21\bin;C:\Program Files\Common Files\Oracle\Java\javapath;C:\WINDOWS\system32;C:\WINDOWS;C:\WINDOWS\System32\Wbem;C:\WINDOWS\System32\WindowsPowerShell\v1.0\;C:\WINDOWS\System32\OpenSSH\;C:\ProgramData\UNIVALI\Portugol Studio;C:\Program Files\Git\cmd;C:\Program Files\nodejs\;C:\Program Files\Docker\Docker\resources\bin;C:\Program Files\Java\jdk-21\bin;C:\Program Files\MySQL\MySQL Shell 8.0\bin\;C:\Users\Lenovo\AppData\Local\Programs\Python\Launcher\;C:\Users\Lenovo\AppData\Local\Microsoft\WindowsApps;C:\Users\Lenovo\AppData\Local\Programs\Microsoft VS Code\bin;C:\Users\Lenovo\AppData\Local\GitHubDesktop\bin;C:\MinGW\bin;C:\Users\Lenovo\AppData\Roaming\npm;C:\Users\Lenovo\AppData\Local\Programs\cursor\resources\app\bin;C:\Users\Lenovo\.local\bin;C:\Users\Lenovo\.fly\bin
USERNAME=Lenovo
OS=Windows_NT
PROCESSOR_IDENTIFIER=Intel64 Family 6 Model 142 Stepping 12, GenuineIntel
TMP=C:\Users\Lenovo\AppData\Local\Temp
TEMP=C:\Users\Lenovo\AppData\Local\Temp




Periodic native trim disabled

---------------  S Y S T E M  ---------------

OS:
 Windows 11 , 64 bit Build 26100 (10.0.26100.8521)
OS uptime: 69 days 18:59 hours
Hyper-V role detected

CPU: total 4 (initial active 4) (2 cores per cpu, 2 threads per core) family 6 model 142 stepping 12 microcode 0xea, cx8, cmov, fxsr, ht, mmx, 3dnowpref, sse, sse2, sse3, ssse3, sse4.1, sse4.2, popcnt, lzcnt, tsc, tscinvbit, avx, avx2, aes, erms, clmul, bmi1, bmi2, adx, fma, vzeroupper, clflush, clflushopt, hv, rdtscp, f16c
Processor Information for the first 4 processors :
  Max Mhz: 2592, Current Mhz: 2093, Mhz Limit: 2073

Memory: 4k page, system-wide physical 8026M (200M free)
TotalPageFile size 32602M (AvailPageFile size 0M)
current process WorkingSet (physical memory assigned to process): 85M, peak: 85M
current process commit charge ("private bytes"): 223M, peak: 223M

vm_info: OpenJDK 64-Bit Server VM (21.0.12.1+1-LTS) for windows-amd64 JRE (21.0.12.1+1-LTS), built on 2026-08-18T00:00:00Z by "admin" with MS VC++ 17.12 (VS2022)

END.
