#
# There is insufficient memory for the Java Runtime Environment to continue.
# Native memory allocation (malloc) failed to allocate 388656 bytes. Error detail: Chunk::new
# Possible reasons:
#   The system is out of physical RAM or swap space
#   This process is running with CompressedOops enabled, and the Java Heap may be blocking the growth of the native heap
# Possible solutions:
#   Reduce memory load on the system
#   Increase physical memory or swap space
#   Check if swap backing store is full
#   Decrease Java heap size (-Xmx/-Xms)
#   Decrease Java thread stack sizes (-Xss)
#   Set larger code cache with -XX:ReservedCodeCacheSize=
#   JVM is running with Unscaled Compressed Oops mode in which the Java heap is
#     placed in the first 4GB address space. The Java Heap base address is the
#     maximum limit for the native heap growth. Please use -XX:HeapBaseMinAddress
#     to set the Java Heap base and to place the Java Heap above 4GB virtual address.
# This output file may be truncated or incomplete.
#
#  Out of Memory Error (arena.cpp:168), pid=179032, tid=180148
#
# JRE version: OpenJDK Runtime Environment Temurin-21.0.12.1+1 (21.0.12.1+1) (build 21.0.12.1+1-LTS)
# Java VM: OpenJDK 64-Bit Server VM Temurin-21.0.12.1+1 (21.0.12.1+1-LTS, mixed mode, sharing, tiered, compressed oops, compressed class ptrs, parallel gc, windows-amd64)
# No core dump will be written. Minidumps are not enabled by default on client versions of Windows
#

---------------  S U M M A R Y ------------

Command Line: --add-modules=ALL-SYSTEM --add-opens=java.base/java.util=ALL-UNNAMED --add-opens=java.base/java.lang=ALL-UNNAMED --add-opens=java.base/sun.nio.fs=ALL-UNNAMED -Declipse.application=org.eclipse.jdt.ls.core.id1 -Dosgi.bundles.defaultStartLevel=4 -Declipse.product=org.eclipse.jdt.ls.core.product -Djava.import.generatesMetadataFilesAtProjectRoot=false -Dm2e.project.cache.size=50 -DDetectVMInstallationsJob.disabled=true -Dfile.encoding=utf8 -XX:+UseParallelGC -XX:GCTimeRatio=4 -XX:AdaptiveSizePolicyWeight=90 -Dsun.zip.disableMemoryMapping=true -Xmx2G -Xms100m -Xlog:disable -javaagent:c:\Users\Lenovo\.vscode\extensions\redhat.java-1.56.0-win32-x64\lombok\lombok-1.18.39-4050.jar -XX:+HeapDumpOnOutOfMemoryError -XX:HeapDumpPath=c:\Users\Lenovo\AppData\Roaming\Code\User\workspaceStorage\e496caea2e03d1f4e87f2f5bdf89700b\redhat.java -Daether.dependencyCollector.impl=bf c:\Users\Lenovo\.vscode\extensions\redhat.java-1.56.0-win32-x64\server\plugins\org.eclipse.equinox.launcher_1.8.0.v20260804-1928.jar -configuration c:\Users\Lenovo\AppData\Roaming\Code\User\globalStorage\redhat.java\1.56.0\config_win -data c:\Users\Lenovo\AppData\Roaming\Code\User\workspaceStorage\e496caea2e03d1f4e87f2f5bdf89700b\redhat.java\jdt_ws --stdio

Host: Intel(R) Core(TM) i3-10110U CPU @ 2.10GHz, 4 cores, 7G,  Windows 11 , 64 bit Build 26100 (10.0.26100.8521)
Time: Wed Sep  9 23:24:00 2026 Hora oficial do Brasil elapsed time: 4.164553 seconds (0d 0h 0m 4s)

---------------  T H R E A D  ---------------

Current thread (0x000002629629ccd0):  JavaThread "C2 CompilerThread0" daemon [_thread_in_native, id=180148, stack(0x0000007866700000,0x0000007866800000) (1024K)]


Current CompileTask:
C2:4164 2356       4       org.apache.felix.resolver.PackageSpaces::mergeCandidatePackage (68 bytes)

Stack: [0x0000007866700000,0x0000007866800000]
Native frames: (J=compiled Java code, j=interpreted, Vv=VM code, C=native code)
V  [jvm.dll+0x6d83e9]
V  [jvm.dll+0x8b5736]
V  [jvm.dll+0x8b7cee]
V  [jvm.dll+0x8b83d3]
V  [jvm.dll+0x284596]
V  [jvm.dll+0xc685d]
V  [jvm.dll+0xc6da1]
V  [jvm.dll+0x3bf151]
V  [jvm.dll+0x38b6d2]
V  [jvm.dll+0x38ab1a]
V  [jvm.dll+0x24c700]
V  [jvm.dll+0x24bce0]
V  [jvm.dll+0x1cb4ae]
V  [jvm.dll+0x25baad]
V  [jvm.dll+0x25a03a]
V  [jvm.dll+0x3f8aae]
V  [jvm.dll+0x8600cd]
V  [jvm.dll+0x6d6c1d]
C  [ucrtbase.dll+0x2cd30]
C  [KERNEL32.DLL+0x2e957]
C  [ntdll.dll+0x87c1c]


---------------  P R O C E S S  ---------------

Threads class SMR info:
_java_thread_list=0x00000262d8b450a0, length=20, elements={
0x00000262fb0ce5c0, 0x00000262962866c0, 0x0000026296288dd0, 0x000002629628c810,
0x000002629628f780, 0x0000026296296400, 0x0000026296296e60, 0x000002629629ccd0,
0x00000262962cf180, 0x00000262d82a1690, 0x00000262d83a99f0, 0x00000262d88b7ba0,
0x00000262d88b8210, 0x00000262d89181a0, 0x00000262d88f9be0, 0x00000262d89432c0,
0x00000262d8b3c840, 0x00000262d8a354d0, 0x00000262dd3cd360, 0x00000262d8d01c10
}

Java Threads: ( => current thread )
  0x00000262fb0ce5c0 JavaThread "main"                              [_thread_blocked, id=125576, stack(0x0000007865d00000,0x0000007865e00000) (1024K)]
  0x00000262962866c0 JavaThread "Reference Handler"          daemon [_thread_blocked, id=178788, stack(0x0000007866100000,0x0000007866200000) (1024K)]
  0x0000026296288dd0 JavaThread "Finalizer"                  daemon [_thread_blocked, id=174004, stack(0x0000007866200000,0x0000007866300000) (1024K)]
  0x000002629628c810 JavaThread "Signal Dispatcher"          daemon [_thread_blocked, id=171048, stack(0x0000007866300000,0x0000007866400000) (1024K)]
  0x000002629628f780 JavaThread "Attach Listener"            daemon [_thread_blocked, id=176872, stack(0x0000007866400000,0x0000007866500000) (1024K)]
  0x0000026296296400 JavaThread "Service Thread"             daemon [_thread_blocked, id=161988, stack(0x0000007866500000,0x0000007866600000) (1024K)]
  0x0000026296296e60 JavaThread "Monitor Deflation Thread"   daemon [_thread_blocked, id=151692, stack(0x0000007866600000,0x0000007866700000) (1024K)]
=>0x000002629629ccd0 JavaThread "C2 CompilerThread0"         daemon [_thread_in_native, id=180148, stack(0x0000007866700000,0x0000007866800000) (1024K)]
  0x00000262962cf180 JavaThread "C1 CompilerThread0"         daemon [_thread_in_vm, id=175312, stack(0x0000007866800000,0x0000007866900000) (1024K)]
  0x00000262d82a1690 JavaThread "Common-Cleaner"             daemon [_thread_blocked, id=171388, stack(0x0000007866900000,0x0000007866a00000) (1024K)]
  0x00000262d83a99f0 JavaThread "Notification Thread"        daemon [_thread_blocked, id=177444, stack(0x0000007866a00000,0x0000007866b00000) (1024K)]
  0x00000262d88b7ba0 JavaThread "Equinox resolver thread - Equinox Container: 50982be3-c99e-4ed1-873f-b85d02b8c2c0" daemon [_thread_blocked, id=168136, stack(0x0000007866e00000,0x0000007866f00000) (1024K)]
  0x00000262d88b8210 JavaThread "Equinox resolver thread - Equinox Container: 50982be3-c99e-4ed1-873f-b85d02b8c2c0" daemon [_thread_blocked, id=175032, stack(0x0000007866f00000,0x0000007867000000) (1024K)]
  0x00000262d89181a0 JavaThread "Equinox resolver thread - Equinox Container: 50982be3-c99e-4ed1-873f-b85d02b8c2c0" daemon [_thread_blocked, id=168076, stack(0x0000007867000000,0x0000007867100000) (1024K)]
  0x00000262d88f9be0 JavaThread "Equinox resolver thread - Equinox Container: 50982be3-c99e-4ed1-873f-b85d02b8c2c0" daemon [_thread_blocked, id=171068, stack(0x0000007867100000,0x0000007867200000) (1024K)]
  0x00000262d89432c0 JavaThread "Active Thread: Equinox Container: 50982be3-c99e-4ed1-873f-b85d02b8c2c0"        [_thread_blocked, id=171864, stack(0x0000007867200000,0x0000007867300000) (1024K)]
  0x00000262d8b3c840 JavaThread "Framework Event Dispatcher: Equinox Container: 50982be3-c99e-4ed1-873f-b85d02b8c2c0" daemon [_thread_blocked, id=173768, stack(0x0000007867300000,0x0000007867400000) (1024K)]
  0x00000262d8a354d0 JavaThread "Start Level: Equinox Container: 50982be3-c99e-4ed1-873f-b85d02b8c2c0" daemon [_thread_blocked, id=180992, stack(0x0000007867400000,0x0000007867500000) (1024K)]
  0x00000262dd3cd360 JavaThread "Bundle File Closer"         daemon [_thread_blocked, id=181824, stack(0x0000007867500000,0x0000007867600000) (1024K)]
  0x00000262d8d01c10 JavaThread "Refresh Thread: Equinox Container: 50982be3-c99e-4ed1-873f-b85d02b8c2c0" daemon [_thread_blocked, id=173636, stack(0x0000007867600000,0x0000007867700000) (1024K)]
Total: 20

Other Threads:
  0x000002629627f8e0 VMThread "VM Thread"                           [id=178976, stack(0x0000007866000000,0x0000007866100000) (1024K)]
  0x000002629621ca10 WatcherThread "VM Periodic Task Thread"        [id=181064, stack(0x0000007865f00000,0x0000007866000000) (1024K)]
  0x00000262fd497780 WorkerThread "GC Thread#0"                     [id=159772, stack(0x0000007865e00000,0x0000007865f00000) (1024K)]
  0x00000262d8986bb0 WorkerThread "GC Thread#1"                     [id=175116, stack(0x0000007866b00000,0x0000007866c00000) (1024K)]
  0x00000262d873b540 WorkerThread "GC Thread#2"                     [id=174580, stack(0x0000007866c00000,0x0000007866d00000) (1024K)]
  0x00000262d873b8f0 WorkerThread "GC Thread#3"                     [id=176964, stack(0x0000007866d00000,0x0000007866e00000) (1024K)]
Total: 6

Threads with active compile tasks:
C2 CompilerThread0  4219 2356       4       org.apache.felix.resolver.PackageSpaces::mergeCandidatePackage (68 bytes)
C1 CompilerThread0  4219 2387       3       org.apache.felix.resolver.PackageSpaces::addUsedBlames (182 bytes)
Total: 2

VM state: not at safepoint (normal execution)

VM Mutex/Monitor currently owned by a thread:  ([mutex/lock_event])
[0x00007ff86f43e0b0] MethodCompileQueue_lock - owner thread: 0x00000262962cf180
[0x00007ff86f43f4b0] CodeCache_lock - owner thread: 0x00000262962cf180
[0x00007ff86f43f630] Compile_lock - owner thread: 0x00000262962cf180

Heap address: 0x0000000080000000, size: 2048 MB, Compressed Oops mode: 32-bit

CDS archive(s) mapped at: [0x0000026297000000-0x0000026297ba0000-0x0000026297ba0000), size 12189696, SharedBaseAddress: 0x0000026297000000, ArchiveRelocationMode: 1.
Compressed class space mapped at: 0x0000026298000000-0x00000262d8000000, reserved size: 1073741824
Narrow klass base: 0x0000026297000000, Narrow klass shift: 0, Narrow klass range: 0x100000000

GC Precious Log:
 CardTable entry size: 512
 CPUs: 4 total, 4 available
 Memory: 8026M
 Large Page Support: Disabled
 NUMA Support: Disabled
 Compressed Oops: Enabled (32-bit)
 Alignments: Space 512K, Generation 512K, Heap 2M
 Heap Min Capacity: 100M
 Heap Initial Capacity: 100M
 Heap Max Capacity: 2G
 Pre-touch: Disabled
 Parallel Workers: 4

Heap:
 PSYoungGen      total 29696K, used 13358K [0x00000000d5580000, 0x00000000d7680000, 0x0000000100000000)
  eden space 25600K, 36% used [0x00000000d5580000,0x00000000d5e8e458,0x00000000d6e80000)
  from space 4096K, 99% used [0x00000000d6e80000,0x00000000d727d5f8,0x00000000d7280000)
  to   space 4096K, 0% used [0x00000000d7280000,0x00000000d7280000,0x00000000d7680000)
 ParOldGen       total 68608K, used 4564K [0x0000000080000000, 0x0000000084300000, 0x00000000d5580000)
  object space 68608K, 6% used [0x0000000080000000,0x0000000080475000,0x0000000084300000)
 Metaspace       used 8877K, committed 9216K, reserved 1114112K
  class space    used 914K, committed 1088K, reserved 1048576K

Card table byte_map: [0x00000262fce10000,0x00000262fd220000] _byte_map_base: 0x00000262fca10000

Marking Bits: (ParMarkBitMap*) 0x00007ff86f4444a0
 Begin Bits: [0x0000026292140000, 0x0000026294140000)
 End Bits:   [0x0000026294140000, 0x0000026296140000)

Polling page: 0x00000262fb1f0000

Metaspace:

Usage:
  Non-class:      7.78 MB used.
      Class:    914.18 KB used.
       Both:      8.67 MB used.

Virtual space:
  Non-class space:       64.00 MB reserved,       7.94 MB ( 12%) committed,  1 nodes.
      Class space:        1.00 GB reserved,       1.06 MB ( <1%) committed,  1 nodes.
             Both:        1.06 GB reserved,       9.00 MB ( <1%) committed. 

Chunk freelists:
   Non-Class:  8.03 MB
       Class:  14.85 MB
        Both:  22.88 MB

MaxMetaspaceSize: unlimited
CompressedClassSpaceSize: 1.00 GB
Initial GC threshold: 21.00 MB
Current GC threshold: 21.00 MB
CDS: on
 - commit_granule_bytes: 65536.
 - commit_granule_words: 8192.
 - virtual_space_node_default_size: 8388608.
 - enlarge_chunks_in_place: 1.
 - use_allocation_guard: 0.


Internal statistics:

num_allocs_failed_limit: 0.
num_arena_births: 228.
num_arena_deaths: 0.
num_vsnodes_births: 2.
num_vsnodes_deaths: 0.
num_space_committed: 144.
num_space_uncommitted: 0.
num_chunks_returned_to_freelist: 0.
num_chunks_taken_from_freelist: 441.
num_chunk_merges: 0.
num_chunk_splits: 285.
num_chunks_enlarged: 196.
num_inconsistent_stats: 0.

CodeHeap 'non-profiled nmethods': size=120000Kb used=968Kb max_used=968Kb free=119032Kb
 bounds [0x000002628ac10000, 0x000002628ae80000, 0x0000026292140000]
CodeHeap 'profiled nmethods': size=120000Kb used=4791Kb max_used=4791Kb free=115208Kb
 bounds [0x0000026283140000, 0x00000262835f0000, 0x000002628a670000]
CodeHeap 'non-nmethods': size=5760Kb used=1216Kb max_used=1244Kb free=4543Kb
 bounds [0x000002628a670000, 0x000002628a8e0000, 0x000002628ac10000]
CodeCache: size=245760Kb, used=6975Kb, max_used=7003Kb, free=238783Kb
 total_blobs=2858, nmethods=2382, adapters=382, full_count=0
Compilation: enabled, stopped_count=0, restarted_count=0

Compilation events (20 events):
Event: 4.081 Thread 0x00000262962cf180 2369       1       org.apache.felix.resolver.WrappedCapability::getResource (5 bytes)
Event: 4.081 Thread 0x00000262962cf180 nmethod 2369 0x000002628ad01410 code [0x000002628ad015a0, 0x000002628ad01668]
Event: 4.105 Thread 0x00000262962cf180 2370       1       org.apache.felix.resolver.WrappedCapability::getAttributes (5 bytes)
Event: 4.105 Thread 0x00000262962cf180 nmethod 2370 0x000002628ad01710 code [0x000002628ad018a0, 0x000002628ad01968]
Event: 4.105 Thread 0x00000262962cf180 2371       3       org.apache.felix.resolver.WrappedCapability::getNamespace (10 bytes)
Event: 4.105 Thread 0x00000262962cf180 nmethod 2371 0x00000262835e3610 code [0x00000262835e37c0, 0x00000262835e3998]
Event: 4.105 Thread 0x00000262962cf180 2372   !   3       java.util.AbstractList$Itr::next (46 bytes)
Event: 4.106 Thread 0x00000262962cf180 nmethod 2372 0x00000262835e3a90 code [0x00000262835e3ca0, 0x00000262835e42b0]
Event: 4.106 Thread 0x00000262962cf180 2373       3       java.util.AbstractList$Itr::checkForComodification (23 bytes)
Event: 4.106 Thread 0x00000262962cf180 nmethod 2373 0x00000262835e4590 code [0x00000262835e4740, 0x00000262835e4968]
Event: 4.106 Thread 0x00000262962cf180 2374       3       org.eclipse.osgi.internal.container.InternalUtils$CopyOnFirstWriteList::get (11 bytes)
Event: 4.106 Thread 0x00000262962cf180 nmethod 2374 0x00000262835e4a90 code [0x00000262835e4c40, 0x00000262835e4e18]
Event: 4.106 Thread 0x00000262962cf180 2375       3       org.eclipse.osgi.internal.container.InternalUtils$CopyOnFirstWriteList::size (10 bytes)
Event: 4.106 Thread 0x00000262962cf180 nmethod 2375 0x00000262835e4f10 code [0x00000262835e50c0, 0x00000262835e5298]
Event: 4.106 Thread 0x00000262962cf180 2376       3       java.util.AbstractList$Itr::hasNext (20 bytes)
Event: 4.106 Thread 0x00000262962cf180 nmethod 2376 0x00000262835e5390 code [0x00000262835e5540, 0x00000262835e5770]
Event: 4.106 Thread 0x00000262962cf180 2377       3       java.util.concurrent.locks.LockSupport::setCurrentBlocker (14 bytes)
Event: 4.107 Thread 0x00000262962cf180 nmethod 2377 0x00000262835e5810 code [0x00000262835e59c0, 0x00000262835e5b98]
Event: 4.107 Thread 0x00000262962cf180 2378       3       jdk.internal.misc.Unsafe::weakCompareAndSetReference (11 bytes)
Event: 4.108 Thread 0x00000262962cf180 nmethod 2378 0x00000262835e5c90 code [0x00000262835e5e20, 0x00000262835e5f60]

GC Heap History (6 events):
Event: 1.667 GC heap before
{Heap before GC invocations=1 (full 0):
 PSYoungGen      total 29696K, used 25600K [0x00000000d5580000, 0x00000000d7680000, 0x0000000100000000)
  eden space 25600K, 100% used [0x00000000d5580000,0x00000000d6e80000,0x00000000d6e80000)
  from space 4096K, 0% used [0x00000000d7280000,0x00000000d7280000,0x00000000d7680000)
  to   space 4096K, 0% used [0x00000000d6e80000,0x00000000d6e80000,0x00000000d7280000)
 ParOldGen       total 68608K, used 0K [0x0000000080000000, 0x0000000084300000, 0x00000000d5580000)
  object space 68608K, 0% used [0x0000000080000000,0x0000000080000000,0x0000000084300000)
 Metaspace       used 4339K, committed 4544K, reserved 1114112K
  class space    used 474K, committed 576K, reserved 1048576K
}
Event: 1.676 GC heap after
{Heap after GC invocations=1 (full 0):
 PSYoungGen      total 29696K, used 3280K [0x00000000d5580000, 0x00000000d7680000, 0x0000000100000000)
  eden space 25600K, 0% used [0x00000000d5580000,0x00000000d5580000,0x00000000d6e80000)
  from space 4096K, 80% used [0x00000000d6e80000,0x00000000d71b4148,0x00000000d7280000)
  to   space 4096K, 0% used [0x00000000d7280000,0x00000000d7280000,0x00000000d7680000)
 ParOldGen       total 68608K, used 16K [0x0000000080000000, 0x0000000084300000, 0x00000000d5580000)
  object space 68608K, 0% used [0x0000000080000000,0x0000000080004000,0x0000000084300000)
 Metaspace       used 4339K, committed 4544K, reserved 1114112K
  class space    used 474K, committed 576K, reserved 1048576K
}
Event: 3.061 GC heap before
{Heap before GC invocations=2 (full 0):
 PSYoungGen      total 29696K, used 28880K [0x00000000d5580000, 0x00000000d7680000, 0x0000000100000000)
  eden space 25600K, 100% used [0x00000000d5580000,0x00000000d6e80000,0x00000000d6e80000)
  from space 4096K, 80% used [0x00000000d6e80000,0x00000000d71b4148,0x00000000d7280000)
  to   space 4096K, 0% used [0x00000000d7280000,0x00000000d7280000,0x00000000d7680000)
 ParOldGen       total 68608K, used 16K [0x0000000080000000, 0x0000000084300000, 0x00000000d5580000)
  object space 68608K, 0% used [0x0000000080000000,0x0000000080004000,0x0000000084300000)
 Metaspace       used 8299K, committed 8512K, reserved 1114112K
  class space    used 879K, committed 960K, reserved 1048576K
}
Event: 3.067 GC heap after
{Heap after GC invocations=2 (full 0):
 PSYoungGen      total 29696K, used 4087K [0x00000000d5580000, 0x00000000d7680000, 0x0000000100000000)
  eden space 25600K, 0% used [0x00000000d5580000,0x00000000d5580000,0x00000000d6e80000)
  from space 4096K, 99% used [0x00000000d7280000,0x00000000d767dea8,0x00000000d7680000)
  to   space 4096K, 0% used [0x00000000d6e80000,0x00000000d6e80000,0x00000000d7280000)
 ParOldGen       total 68608K, used 48K [0x0000000080000000, 0x0000000084300000, 0x00000000d5580000)
  object space 68608K, 0% used [0x0000000080000000,0x000000008000c000,0x0000000084300000)
 Metaspace       used 8299K, committed 8512K, reserved 1114112K
  class space    used 879K, committed 960K, reserved 1048576K
}
Event: 3.867 GC heap before
{Heap before GC invocations=3 (full 0):
 PSYoungGen      total 29696K, used 29687K [0x00000000d5580000, 0x00000000d7680000, 0x0000000100000000)
  eden space 25600K, 100% used [0x00000000d5580000,0x00000000d6e80000,0x00000000d6e80000)
  from space 4096K, 99% used [0x00000000d7280000,0x00000000d767dea8,0x00000000d7680000)
  to   space 4096K, 0% used [0x00000000d6e80000,0x00000000d6e80000,0x00000000d7280000)
 ParOldGen       total 68608K, used 48K [0x0000000080000000, 0x0000000084300000, 0x00000000d5580000)
  object space 68608K, 0% used [0x0000000080000000,0x000000008000c000,0x0000000084300000)
 Metaspace       used 8696K, committed 9024K, reserved 1114112K
  class space    used 909K, committed 1088K, reserved 1048576K
}
Event: 3.879 GC heap after
{Heap after GC invocations=3 (full 0):
 PSYoungGen      total 29696K, used 4085K [0x00000000d5580000, 0x00000000d7680000, 0x0000000100000000)
  eden space 25600K, 0% used [0x00000000d5580000,0x00000000d5580000,0x00000000d6e80000)
  from space 4096K, 99% used [0x00000000d6e80000,0x00000000d727d5f8,0x00000000d7280000)
  to   space 4096K, 0% used [0x00000000d7280000,0x00000000d7280000,0x00000000d7680000)
 ParOldGen       total 68608K, used 4564K [0x0000000080000000, 0x0000000084300000, 0x00000000d5580000)
  object space 68608K, 6% used [0x0000000080000000,0x0000000080475000,0x0000000084300000)
 Metaspace       used 8696K, committed 9024K, reserved 1114112K
  class space    used 909K, committed 1088K, reserved 1048576K
}

Dll operation events (18 events):
Event: 0.024 Attempting to load shared library c:\Users\Lenovo\.vscode\extensions\redhat.java-1.56.0-win32-x64\jre\21.0.12.1-win32-x86_64\bin\java.dll
Event: 0.024 Loaded shared library c:\Users\Lenovo\.vscode\extensions\redhat.java-1.56.0-win32-x64\jre\21.0.12.1-win32-x86_64\bin\java.dll
Event: 0.127 Attempting to load shared library c:\Users\Lenovo\.vscode\extensions\redhat.java-1.56.0-win32-x64\jre\21.0.12.1-win32-x86_64\bin\zip.dll
Event: 0.128 Loaded shared library c:\Users\Lenovo\.vscode\extensions\redhat.java-1.56.0-win32-x64\jre\21.0.12.1-win32-x86_64\bin\zip.dll
Event: 0.168 Attempting to load shared library C:\Users\Lenovo\.vscode\extensions\redhat.java-1.56.0-win32-x64\jre\21.0.12.1-win32-x86_64\bin\instrument.dll
Event: 0.168 Loaded shared library C:\Users\Lenovo\.vscode\extensions\redhat.java-1.56.0-win32-x64\jre\21.0.12.1-win32-x86_64\bin\instrument.dll
Event: 0.179 Attempting to load shared library C:\Users\Lenovo\.vscode\extensions\redhat.java-1.56.0-win32-x64\jre\21.0.12.1-win32-x86_64\bin\net.dll
Event: 0.181 Loaded shared library C:\Users\Lenovo\.vscode\extensions\redhat.java-1.56.0-win32-x64\jre\21.0.12.1-win32-x86_64\bin\net.dll
Event: 0.184 Attempting to load shared library C:\Users\Lenovo\.vscode\extensions\redhat.java-1.56.0-win32-x64\jre\21.0.12.1-win32-x86_64\bin\nio.dll
Event: 0.185 Loaded shared library C:\Users\Lenovo\.vscode\extensions\redhat.java-1.56.0-win32-x64\jre\21.0.12.1-win32-x86_64\bin\nio.dll
Event: 0.194 Attempting to load shared library C:\Users\Lenovo\.vscode\extensions\redhat.java-1.56.0-win32-x64\jre\21.0.12.1-win32-x86_64\bin\zip.dll
Event: 0.194 Loaded shared library C:\Users\Lenovo\.vscode\extensions\redhat.java-1.56.0-win32-x64\jre\21.0.12.1-win32-x86_64\bin\zip.dll
Event: 0.230 Attempting to load shared library C:\Users\Lenovo\.vscode\extensions\redhat.java-1.56.0-win32-x64\jre\21.0.12.1-win32-x86_64\bin\jimage.dll
Event: 0.230 Loaded shared library C:\Users\Lenovo\.vscode\extensions\redhat.java-1.56.0-win32-x64\jre\21.0.12.1-win32-x86_64\bin\jimage.dll
Event: 0.421 Attempting to load shared library c:\Users\Lenovo\.vscode\extensions\redhat.java-1.56.0-win32-x64\jre\21.0.12.1-win32-x86_64\bin\verify.dll
Event: 0.424 Loaded shared library c:\Users\Lenovo\.vscode\extensions\redhat.java-1.56.0-win32-x64\jre\21.0.12.1-win32-x86_64\bin\verify.dll
Event: 3.832 Attempting to load shared library C:\Users\Lenovo\AppData\Roaming\Code\User\globalStorage\redhat.java\1.56.0\config_win\org.eclipse.equinox.launcher\org.eclipse.equinox.launcher.win32.win32.x86_64_1.3.100.v20260804-1928\eclipse_11924.dll
Event: 3.841 Loaded shared library C:\Users\Lenovo\AppData\Roaming\Code\User\globalStorage\redhat.java\1.56.0\config_win\org.eclipse.equinox.launcher\org.eclipse.equinox.launcher.win32.win32.x86_64_1.3.100.v20260804-1928\eclipse_11924.dll

Deoptimization events (20 events):
Event: 3.625 Thread 0x00000262fb0ce5c0 DEOPT PACKING pc=0x00000262835057c9 sp=0x0000007865dfe5d0
Event: 3.625 Thread 0x00000262fb0ce5c0 DEOPT UNPACKING pc=0x000002628a6c4242 sp=0x0000007865dfda40 mode 0
Event: 3.625 Thread 0x00000262fb0ce5c0 DEOPT PACKING pc=0x00000262835057c9 sp=0x0000007865dfe5f0
Event: 3.625 Thread 0x00000262fb0ce5c0 DEOPT UNPACKING pc=0x000002628a6c4242 sp=0x0000007865dfda60 mode 0
Event: 3.644 Thread 0x00000262fb0ce5c0 Uncommon trap: trap_request=0xffffffdc fr.pc=0x000002628ace4388 relative=0x00000000000002c8
Event: 3.645 Thread 0x00000262fb0ce5c0 Uncommon trap: reason=class_check action=make_not_entrant pc=0x000002628ace4388 method=java.util.ArrayList.toArray([Ljava/lang/Object;)[Ljava/lang/Object; @ 21 c2
Event: 3.645 Thread 0x00000262fb0ce5c0 DEOPT PACKING pc=0x000002628ace4388 sp=0x0000007865dfe6b0
Event: 3.645 Thread 0x00000262fb0ce5c0 DEOPT UNPACKING pc=0x000002628a6c3aa2 sp=0x0000007865dfe670 mode 2
Event: 3.894 Thread 0x00000262fb0ce5c0 Uncommon trap: trap_request=0xffffff45 fr.pc=0x000002628ac88360 relative=0x0000000000000040
Event: 3.894 Thread 0x00000262fb0ce5c0 Uncommon trap: reason=unstable_if action=reinterpret pc=0x000002628ac88360 method=java.util.concurrent.locks.AbstractQueuedSynchronizer.signalNext(Ljava/util/concurrent/locks/AbstractQueuedSynchronizer$Node;)V @ 1 c2
Event: 3.894 Thread 0x00000262fb0ce5c0 DEOPT PACKING pc=0x000002628ac88360 sp=0x0000007865dfecf0
Event: 3.894 Thread 0x00000262fb0ce5c0 DEOPT UNPACKING pc=0x000002628a6c3aa2 sp=0x0000007865dfec88 mode 2
Event: 3.940 Thread 0x00000262d8d01c10 Uncommon trap: trap_request=0xffffff45 fr.pc=0x000002628acf109c relative=0x00000000000000fc
Event: 3.940 Thread 0x00000262d8d01c10 Uncommon trap: reason=unstable_if action=reinterpret pc=0x000002628acf109c method=org.eclipse.osgi.internal.framework.FilterImpl$Parser.skipWhiteSpace()V @ 39 c2
Event: 3.940 Thread 0x00000262d8d01c10 DEOPT PACKING pc=0x000002628acf109c sp=0x00000078676fe3d0
Event: 3.940 Thread 0x00000262d8d01c10 DEOPT UNPACKING pc=0x000002628a6c3aa2 sp=0x00000078676fe370 mode 2
Event: 4.014 Thread 0x00000262d88f9be0 Uncommon trap: trap_request=0xffffff45 fr.pc=0x000002628aca7320 relative=0x00000000000008c0
Event: 4.014 Thread 0x00000262d88f9be0 Uncommon trap: reason=unstable_if action=reinterpret pc=0x000002628aca7320 method=java.util.concurrent.ConcurrentHashMap.putVal(Ljava/lang/Object;Ljava/lang/Object;Z)Ljava/lang/Object; @ 112 c2
Event: 4.014 Thread 0x00000262d88f9be0 DEOPT PACKING pc=0x000002628aca7320 sp=0x00000078671ff2c0
Event: 4.014 Thread 0x00000262d88f9be0 DEOPT UNPACKING pc=0x000002628a6c3aa2 sp=0x00000078671ff230 mode 2

Classes loaded (20 events):
Event: 2.777 Loading class sun/nio/fs/WindowsChannelFactory$1
Event: 2.777 Loading class sun/nio/fs/WindowsChannelFactory$1 done
Event: 2.777 Loading class sun/nio/fs/WindowsChannelFactory$Flags
Event: 2.778 Loading class sun/nio/fs/WindowsChannelFactory$Flags done
Event: 2.778 Loading class sun/nio/ch/FileChannelImpl$Closer
Event: 2.778 Loading class sun/nio/ch/FileChannelImpl$Closer done
Event: 3.067 Loading class java/util/MissingResourceException
Event: 3.067 Loading class java/util/MissingResourceException done
Event: 3.830 Loading class java/util/ArrayList$ListItr
Event: 3.831 Loading class java/util/ArrayList$ListItr done
Event: 3.840 Loading class java/util/Collections$ReverseComparator
Event: 3.840 Loading class java/util/Collections$ReverseComparator done
Event: 3.840 Loading class java/util/Comparators$NaturalOrderComparator
Event: 3.841 Loading class java/util/Comparators$NaturalOrderComparator done
Event: 3.841 Loading class java/util/Collections$ReverseComparator2
Event: 3.841 Loading class java/util/Collections$ReverseComparator2 done
Event: 3.841 Loading class java/util/concurrent/locks/AbstractQueuedSynchronizer$SharedNode
Event: 3.841 Loading class java/util/concurrent/locks/AbstractQueuedSynchronizer$SharedNode done
Event: 4.013 Loading class java/util/AbstractList$Itr
Event: 4.013 Loading class java/util/AbstractList$Itr done

Classes unloaded (0 events):
No events

Classes redefined (0 events):
No events

Internal exceptions (20 events):
Event: 1.695 Thread 0x00000262fb0ce5c0 Exception <a 'java/lang/ClassNotFoundException'{0x00000000d55ca9f0}: sun/net/www/protocol/c/Handler> (0x00000000d55ca9f0) 
thrown [s\src\hotspot\share\classfile\systemDictionary.cpp, line 313]
Event: 1.695 Thread 0x00000262fb0ce5c0 Exception <a 'java/lang/ClassNotFoundException'{0x00000000d55cbd90}: sun/net/www/protocol/c/Handler> (0x00000000d55cbd90) 
thrown [s\src\hotspot\share\classfile\systemDictionary.cpp, line 313]
Event: 1.695 Thread 0x00000262fb0ce5c0 Exception <a 'java/lang/ClassNotFoundException'{0x00000000d55ccf78}: sun/net/www/protocol/c/Handler> (0x00000000d55ccf78) 
thrown [s\src\hotspot\share\classfile\systemDictionary.cpp, line 313]
Event: 1.713 Thread 0x00000262fb0ce5c0 Exception <a 'java/io/FileNotFoundException'{0x00000000d55f6220}> (0x00000000d55f6220) 
thrown [s\src\hotspot\share\prims\jni.cpp, line 520]
Event: 1.773 Thread 0x00000262fb0ce5c0 Implicit null exception at 0x000002628ac67966 to 0x000002628ac67a12
Event: 1.773 Thread 0x00000262fb0ce5c0 Implicit null exception at 0x000002628ac7de1a to 0x000002628ac7e040
Event: 1.774 Thread 0x00000262fb0ce5c0 Exception <a 'java/lang/NoSuchMethodError'{0x00000000d5729dd0}: 'void java.lang.invoke.DirectMethodHandle$Holder.invokeStatic(java.lang.Object, java.lang.Object, java.lang.Object, java.lang.Object)'> (0x00000000d5729dd0) 
thrown [s\src\hotspot\share\interpreter\linkResolver.cpp, line 773]
Event: 1.775 Thread 0x00000262fb0ce5c0 Implicit null exception at 0x000002628ac6f41a to 0x000002628ac6f63c
Event: 1.775 Thread 0x00000262fb0ce5c0 Implicit null exception at 0x000002628ac6a4c0 to 0x000002628ac6a545
Event: 1.952 Thread 0x00000262fb0ce5c0 Exception <a 'java/lang/NoSuchMethodError'{0x00000000d5b8d818}: 'int java.lang.invoke.DirectMethodHandle$Holder.invokeVirtual(java.lang.Object, java.lang.Object)'> (0x00000000d5b8d818) 
thrown [s\src\hotspot\share\interpreter\linkResolver.cpp, line 773]
Event: 2.450 Thread 0x00000262fb0ce5c0 Exception <a 'java/lang/IncompatibleClassChangeError'{0x00000000d663d7a0}: Found class java.lang.Object, but interface was expected> (0x00000000d663d7a0) 
thrown [s\src\hotspot\share\interpreter\linkResolver.cpp, line 840]
Event: 2.451 Thread 0x00000262fb0ce5c0 Exception <a 'java/lang/NoSuchMethodError'{0x00000000d66462b0}: 'void java.lang.invoke.DirectMethodHandle$Holder.invokeInterface(java.lang.Object, java.lang.Object, java.lang.Object)'> (0x00000000d66462b0) 
thrown [s\src\hotspot\share\interpreter\linkResolver.cpp, line 773]
Event: 2.513 Thread 0x00000262fb0ce5c0 Exception <a 'java/lang/NoSuchMethodError'{0x00000000d67bc5d0}: 'int java.lang.invoke.DirectMethodHandle$Holder.invokeStaticInit(java.lang.Object, java.lang.Object, java.lang.Object, java.lang.Object)'> (0x00000000d67bc5d0) 
thrown [s\src\hotspot\share\interpreter\linkResolver.cpp, line 773]
Event: 2.517 Thread 0x00000262fb0ce5c0 Exception <a 'java/lang/NoSuchMethodError'{0x00000000d67c6e80}: 'void java.lang.invoke.DirectMethodHandle$Holder.invokeStaticInit(java.lang.Object, java.lang.Object)'> (0x00000000d67c6e80) 
thrown [s\src\hotspot\share\interpreter\linkResolver.cpp, line 773]
Event: 2.518 Thread 0x00000262fb0ce5c0 Exception <a 'java/lang/NoSuchMethodError'{0x00000000d67cc360}: 'int java.lang.invoke.DirectMethodHandle$Holder.invokeStaticInit(java.lang.Object, java.lang.Object)'> (0x00000000d67cc360) 
thrown [s\src\hotspot\share\interpreter\linkResolver.cpp, line 773]
Event: 2.624 Thread 0x00000262fb0ce5c0 Exception <a 'java/lang/NoSuchMethodError'{0x00000000d69b5d98}: 'java.lang.Object java.lang.invoke.DirectMethodHandle$Holder.newInvokeSpecial(java.lang.Object, int, java.lang.Object)'> (0x00000000d69b5d98) 
thrown [s\src\hotspot\share\interpreter\linkResolver.cpp, line 773]
Event: 2.696 Thread 0x00000262fb0ce5c0 Exception <a 'java/lang/ClassNotFoundException'{0x00000000d6b3c4a0}: sun/net/www/protocol/plurl/Handler> (0x00000000d6b3c4a0) 
thrown [s\src\hotspot\share\classfile\systemDictionary.cpp, line 313]
Event: 2.696 Thread 0x00000262fb0ce5c0 Exception <a 'java/lang/ClassNotFoundException'{0x00000000d6b3d320}: sun/net/www/protocol/plurl/Handler> (0x00000000d6b3d320) 
thrown [s\src\hotspot\share\classfile\systemDictionary.cpp, line 313]
Event: 2.712 Thread 0x00000262fb0ce5c0 Exception <a 'java/lang/NoSuchMethodError'{0x00000000d6b7d678}: 'void java.lang.invoke.DirectMethodHandle$Holder.invokeSpecial(java.lang.Object, java.lang.Object, java.lang.Object)'> (0x00000000d6b7d678) 
thrown [s\src\hotspot\share\interpreter\linkResolver.cpp, line 773]
Event: 3.826 Thread 0x00000262fb0ce5c0 Exception <a 'java/lang/UnsatisfiedLinkError'{0x00000000d6d44898}: 'void org.eclipse.equinox.launcher.JNIBridge._update_splash()'> (0x00000000d6d44898) 
thrown [s\src\hotspot\share\prims\nativeLookup.cpp, line 415]

ZGC Phase Switch (0 events):
No events

VM Operations (20 events):
Event: 1.146 Executing safepoint VM operation: Cleanup
Event: 1.146 Executing safepoint VM operation: Cleanup done
Event: 1.175 Executing non-safepoint VM operation: HandshakeAllThreads (Deoptimize)
Event: 1.175 Executing non-safepoint VM operation: HandshakeAllThreads (Deoptimize) done
Event: 1.667 Executing safepoint VM operation: ParallelGCFailedAllocation (Allocation Failure)
Event: 1.676 Executing safepoint VM operation: ParallelGCFailedAllocation (Allocation Failure) done
Event: 2.556 Executing non-safepoint VM operation: HandshakeAllThreads (Deoptimize)
Event: 2.570 Executing non-safepoint VM operation: HandshakeAllThreads (Deoptimize) done
Event: 2.689 Executing non-safepoint VM operation: HandshakeAllThreads (Deoptimize)
Event: 2.689 Executing non-safepoint VM operation: HandshakeAllThreads (Deoptimize) done
Event: 2.689 Executing safepoint VM operation: Cleanup
Event: 2.689 Executing safepoint VM operation: Cleanup done
Event: 3.060 Executing safepoint VM operation: ParallelGCFailedAllocation (Allocation Failure)
Event: 3.067 Executing safepoint VM operation: ParallelGCFailedAllocation (Allocation Failure) done
Event: 3.831 Executing non-safepoint VM operation: HandshakeAllThreads (Deoptimize)
Event: 3.831 Executing non-safepoint VM operation: HandshakeAllThreads (Deoptimize) done
Event: 3.867 Executing safepoint VM operation: ParallelGCFailedAllocation (Allocation Failure)
Event: 3.879 Executing safepoint VM operation: ParallelGCFailedAllocation (Allocation Failure) done
Event: 3.981 Executing non-safepoint VM operation: HandshakeAllThreads (Deoptimize)
Event: 3.981 Executing non-safepoint VM operation: HandshakeAllThreads (Deoptimize) done

Memory protections (0 events):
No events

Nmethod flushes (0 events):
No events

Events (20 events):
Event: 0.044 Thread 0x00000262fb0ce5c0 Thread added: 0x00000262fb0ce5c0
Event: 0.064 Thread 0x00000262fb0ce5c0 Thread added: 0x00000262962866c0
Event: 0.065 Thread 0x00000262fb0ce5c0 Thread added: 0x0000026296288dd0
Event: 0.065 Thread 0x00000262fb0ce5c0 Thread added: 0x000002629628c810
Event: 0.065 Thread 0x00000262fb0ce5c0 Thread added: 0x000002629628f780
Event: 0.066 Thread 0x00000262fb0ce5c0 Thread added: 0x0000026296296400
Event: 0.066 Thread 0x00000262fb0ce5c0 Thread added: 0x0000026296296e60
Event: 0.066 Thread 0x00000262fb0ce5c0 Thread added: 0x000002629629ccd0
Event: 0.068 Thread 0x00000262fb0ce5c0 Thread added: 0x00000262962cf180
Event: 0.171 Thread 0x00000262fb0ce5c0 Thread added: 0x00000262d82a1690
Event: 0.881 Thread 0x00000262fb0ce5c0 Thread added: 0x00000262d83a99f0
Event: 2.398 Thread 0x00000262fb0ce5c0 Thread added: 0x00000262d88b7ba0
Event: 2.413 Thread 0x00000262d88b7ba0 Thread added: 0x00000262d88b8210
Event: 2.424 Thread 0x00000262fb0ce5c0 Thread added: 0x00000262d89181a0
Event: 2.434 Thread 0x00000262fb0ce5c0 Thread added: 0x00000262d88f9be0
Event: 2.543 Thread 0x00000262fb0ce5c0 Thread added: 0x00000262d89432c0
Event: 3.060 Thread 0x00000262fb0ce5c0 Thread added: 0x00000262d8b3c840
Event: 3.071 Thread 0x00000262fb0ce5c0 Thread added: 0x00000262d8a354d0
Event: 3.780 Thread 0x00000262fb0ce5c0 Thread added: 0x00000262dd3cd360
Event: 3.822 Thread 0x00000262fb0ce5c0 Thread added: 0x00000262d8d01c10


Dynamic libraries:
0x00007ff738450000 - 0x00007ff73845e000 	c:\Users\Lenovo\.vscode\extensions\redhat.java-1.56.0-win32-x64\jre\21.0.12.1-win32-x86_64\bin\java.exe
0x00007ff910ec0000 - 0x00007ff911126000 	C:\WINDOWS\SYSTEM32\ntdll.dll
0x00007ff910a20000 - 0x00007ff910ae9000 	C:\WINDOWS\System32\KERNEL32.DLL
0x00007ff90e210000 - 0x00007ff90e60a000 	C:\WINDOWS\System32\KERNELBASE.dll
0x00007ff90aac0000 - 0x00007ff90ab60000 	C:\WINDOWS\SYSTEM32\apphelp.dll
0x00007ff90e6c0000 - 0x00007ff90e80c000 	C:\WINDOWS\System32\ucrtbase.dll
0x00007ff8ea0c0000 - 0x00007ff8ea0d8000 	c:\Users\Lenovo\.vscode\extensions\redhat.java-1.56.0-win32-x64\jre\21.0.12.1-win32-x86_64\bin\jli.dll
0x00007ff90f640000 - 0x00007ff90f807000 	C:\WINDOWS\System32\USER32.dll
0x00007ff90e810000 - 0x00007ff90e837000 	C:\WINDOWS\System32\win32u.dll
0x00007ff90f4b0000 - 0x00007ff90f4db000 	C:\WINDOWS\System32\GDI32.dll
0x00007ff90ea70000 - 0x00007ff90eb9b000 	C:\WINDOWS\System32\gdi32full.dll
0x00007ff90e610000 - 0x00007ff90e6b3000 	C:\WINDOWS\System32\msvcp_win.dll
0x00007ff8f5160000 - 0x00007ff8f53f2000 	C:\WINDOWS\WinSxS\amd64_microsoft.windows.common-controls_6595b64144ccf1df_6.0.26100.8521_none_3e08b75ce33403b3\COMCTL32.dll
0x00007ff910970000 - 0x00007ff910a19000 	C:\WINDOWS\System32\msvcrt.dll
0x00007ff8e97d0000 - 0x00007ff8e97ee000 	c:\Users\Lenovo\.vscode\extensions\redhat.java-1.56.0-win32-x64\jre\21.0.12.1-win32-x86_64\bin\VCRUNTIME140.dll
0x00007ff90f570000 - 0x00007ff90f5a2000 	C:\WINDOWS\System32\IMM32.DLL
0x00007ff8fe0f0000 - 0x00007ff8fe0fc000 	c:\Users\Lenovo\.vscode\extensions\redhat.java-1.56.0-win32-x64\jre\21.0.12.1-win32-x86_64\bin\vcruntime140_1.dll
0x00007ff8d0990000 - 0x00007ff8d0a1d000 	c:\Users\Lenovo\.vscode\extensions\redhat.java-1.56.0-win32-x64\jre\21.0.12.1-win32-x86_64\bin\msvcp140.dll
0x00007ff86e780000 - 0x00007ff86f522000 	c:\Users\Lenovo\.vscode\extensions\redhat.java-1.56.0-win32-x64\jre\21.0.12.1-win32-x86_64\bin\server\jvm.dll
0x00007ff910dc0000 - 0x00007ff910e76000 	C:\WINDOWS\System32\ADVAPI32.dll
0x00007ff90f330000 - 0x00007ff90f3da000 	C:\WINDOWS\System32\sechost.dll
0x00007ff90ed30000 - 0x00007ff90ee48000 	C:\WINDOWS\System32\RPCRT4.dll
0x00007ff90fba0000 - 0x00007ff90fc20000 	C:\WINDOWS\System32\WS2_32.dll
0x00007ff90dfd0000 - 0x00007ff90e02e000 	C:\WINDOWS\SYSTEM32\POWRPROF.dll
0x00007ff8f58b0000 - 0x00007ff8f58e6000 	C:\WINDOWS\SYSTEM32\WINMM.dll
0x00007ff8fe250000 - 0x00007ff8fe25b000 	C:\WINDOWS\SYSTEM32\VERSION.dll
0x00007ff90dfb0000 - 0x00007ff90dfc4000 	C:\WINDOWS\SYSTEM32\UMPDC.dll
0x00007ff90cee0000 - 0x00007ff90cefb000 	C:\WINDOWS\SYSTEM32\kernel.appcore.dll
0x00007ff8fce60000 - 0x00007ff8fce6a000 	c:\Users\Lenovo\.vscode\extensions\redhat.java-1.56.0-win32-x64\jre\21.0.12.1-win32-x86_64\bin\jimage.dll
0x00007ff90b840000 - 0x00007ff90ba82000 	C:\WINDOWS\SYSTEM32\DBGHELP.DLL
0x00007ff90f810000 - 0x00007ff90fb93000 	C:\WINDOWS\System32\combase.dll
0x00007ff9104c0000 - 0x00007ff910599000 	C:\WINDOWS\System32\OLEAUT32.dll
0x00007ff8f1e00000 - 0x00007ff8f1e3b000 	C:\WINDOWS\SYSTEM32\dbgcore.DLL
0x00007ff90e9c0000 - 0x00007ff90ea68000 	C:\WINDOWS\System32\bcryptPrimitives.dll
0x00007ff8fc8e0000 - 0x00007ff8fc8ef000 	c:\Users\Lenovo\.vscode\extensions\redhat.java-1.56.0-win32-x64\jre\21.0.12.1-win32-x86_64\bin\instrument.dll
0x00007ff8e9410000 - 0x00007ff8e9430000 	c:\Users\Lenovo\.vscode\extensions\redhat.java-1.56.0-win32-x64\jre\21.0.12.1-win32-x86_64\bin\java.dll
0x00007ff90fd30000 - 0x00007ff9104b4000 	C:\WINDOWS\System32\SHELL32.dll
0x00007ff90bd00000 - 0x00007ff90c580000 	C:\WINDOWS\SYSTEM32\windows.storage.dll
0x00007ff910c90000 - 0x00007ff910d86000 	C:\WINDOWS\System32\SHCORE.dll
0x00007ff910700000 - 0x00007ff910767000 	C:\WINDOWS\System32\shlwapi.dll
0x00007ff90e070000 - 0x00007ff90e099000 	C:\WINDOWS\SYSTEM32\profapi.dll
0x00007ff8e93f0000 - 0x00007ff8e9408000 	c:\Users\Lenovo\.vscode\extensions\redhat.java-1.56.0-win32-x64\jre\21.0.12.1-win32-x86_64\bin\zip.dll
0x00007ff8f6af0000 - 0x00007ff8f6b00000 	C:\Users\Lenovo\.vscode\extensions\redhat.java-1.56.0-win32-x64\jre\21.0.12.1-win32-x86_64\bin\net.dll
0x00007ff900c10000 - 0x00007ff900d39000 	C:\WINDOWS\SYSTEM32\WINHTTP.dll
0x00007ff90d450000 - 0x00007ff90d4bc000 	C:\WINDOWS\system32\mswsock.dll
0x00007ff8e5bf0000 - 0x00007ff8e5c06000 	C:\Users\Lenovo\.vscode\extensions\redhat.java-1.56.0-win32-x64\jre\21.0.12.1-win32-x86_64\bin\nio.dll
0x00007ff8f6680000 - 0x00007ff8f6690000 	c:\Users\Lenovo\.vscode\extensions\redhat.java-1.56.0-win32-x64\jre\21.0.12.1-win32-x86_64\bin\verify.dll
0x00007ff8e1610000 - 0x00007ff8e1655000 	C:\Users\Lenovo\AppData\Roaming\Code\User\globalStorage\redhat.java\1.56.0\config_win\org.eclipse.equinox.launcher\org.eclipse.equinox.launcher.win32.win32.x86_64_1.3.100.v20260804-1928\eclipse_11924.dll
0x00007ff910af0000 - 0x00007ff910c88000 	C:\WINDOWS\System32\ole32.dll

JVMTI agents:
c:\Users\Lenovo\.vscode\extensions\redhat.java-1.56.0-win32-x64\lombok\lombok-1.18.39-4050.jar path:c:\Users\Lenovo\.vscode\extensions\redhat.java-1.56.0-win32-x64\jre\21.0.12.1-win32-x86_64\bin\instrument.dll, loaded, initialized, instrumentlib options:none

dbghelp: loaded successfully - version: 4.0.5 - missing functions: none
symbol engine: initialized successfully - sym options: 0x614 - pdb path: .;c:\Users\Lenovo\.vscode\extensions\redhat.java-1.56.0-win32-x64\jre\21.0.12.1-win32-x86_64\bin;C:\WINDOWS\SYSTEM32;C:\WINDOWS\WinSxS\amd64_microsoft.windows.common-controls_6595b64144ccf1df_6.0.26100.8521_none_3e08b75ce33403b3;c:\Users\Lenovo\.vscode\extensions\redhat.java-1.56.0-win32-x64\jre\21.0.12.1-win32-x86_64\bin\server;C:\Users\Lenovo\AppData\Roaming\Code\User\globalStorage\redhat.java\1.56.0\config_win\org.eclipse.equinox.launcher\org.eclipse.equinox.launcher.win32.win32.x86_64_1.3.100.v20260804-1928

VM Arguments:
jvm_args: --add-modules=ALL-SYSTEM --add-opens=java.base/java.util=ALL-UNNAMED --add-opens=java.base/java.lang=ALL-UNNAMED --add-opens=java.base/sun.nio.fs=ALL-UNNAMED -Declipse.application=org.eclipse.jdt.ls.core.id1 -Dosgi.bundles.defaultStartLevel=4 -Declipse.product=org.eclipse.jdt.ls.core.product -Djava.import.generatesMetadataFilesAtProjectRoot=false -Dm2e.project.cache.size=50 -DDetectVMInstallationsJob.disabled=true -Dfile.encoding=utf8 -XX:+UseParallelGC -XX:GCTimeRatio=4 -XX:AdaptiveSizePolicyWeight=90 -Dsun.zip.disableMemoryMapping=true -Xmx2G -Xms100m -Xlog:disable -javaagent:c:\Users\Lenovo\.vscode\extensions\redhat.java-1.56.0-win32-x64\lombok\lombok-1.18.39-4050.jar -XX:+HeapDumpOnOutOfMemoryError -XX:HeapDumpPath=c:\Users\Lenovo\AppData\Roaming\Code\User\workspaceStorage\e496caea2e03d1f4e87f2f5bdf89700b\redhat.java -Daether.dependencyCollector.impl=bf 
java_command: c:\Users\Lenovo\.vscode\extensions\redhat.java-1.56.0-win32-x64\server\plugins\org.eclipse.equinox.launcher_1.8.0.v20260804-1928.jar -configuration c:\Users\Lenovo\AppData\Roaming\Code\User\globalStorage\redhat.java\1.56.0\config_win -data c:\Users\Lenovo\AppData\Roaming\Code\User\workspaceStorage\e496caea2e03d1f4e87f2f5bdf89700b\redhat.java\jdt_ws --stdio
java_class_path (initial): c:\Users\Lenovo\.vscode\extensions\redhat.java-1.56.0-win32-x64\server\plugins\org.eclipse.equinox.launcher_1.8.0.v20260804-1928.jar
Launcher Type: SUN_STANDARD

[Global flags]
    uintx AdaptiveSizePolicyWeight                 = 90                                        {product} {command line}
     intx CICompilerCount                          = 3                                         {product} {ergonomic}
    uintx GCTimeRatio                              = 4                                         {product} {command line}
     bool HeapDumpOnOutOfMemoryError               = true                                   {manageable} {command line}
    ccstr HeapDumpPath                             = c:\Users\Lenovo\AppData\Roaming\Code\User\workspaceStorage\e496caea2e03d1f4e87f2f5bdf89700b\redhat.java         {manageable} {command line}
   size_t InitialHeapSize                          = 104857600                                 {product} {command line}
   size_t MaxHeapSize                              = 2147483648                                {product} {command line}
   size_t MaxNewSize                               = 715653120                                 {product} {ergonomic}
   size_t MinHeapDeltaBytes                        = 524288                                    {product} {ergonomic}
   size_t MinHeapSize                              = 104857600                                 {product} {command line}
   size_t NewSize                                  = 34603008                                  {product} {ergonomic}
    uintx NonNMethodCodeHeapSize                   = 5832780                                {pd product} {ergonomic}
    uintx NonProfiledCodeHeapSize                  = 122912730                              {pd product} {ergonomic}
   size_t OldSize                                  = 70254592                                  {product} {ergonomic}
    uintx ProfiledCodeHeapSize                     = 122912730                              {pd product} {ergonomic}
    uintx ReservedCodeCacheSize                    = 251658240                              {pd product} {ergonomic}
     bool SegmentedCodeCache                       = true                                      {product} {ergonomic}
   size_t SoftMaxHeapSize                          = 2147483648                             {manageable} {ergonomic}
     bool UseCompressedOops                        = true                           {product lp64_product} {ergonomic}
     bool UseLargePagesIndividualAllocation        = false                                  {pd product} {ergonomic}
     bool UseParallelGC                            = true                                      {product} {command line}

Logging:
Log output configuration:
 #0: stdout all=off uptime,level,tags foldmultilines=false
 #1: stderr all=off uptime,level,tags foldmultilines=false

Release file:
JAVA_VERSION="21.0.12.1" 
MODULES="java.base java.compiler java.datatransfer java.xml java.prefs java.desktop java.instrument java.logging java.management java.security.sasl java.naming java.rmi java.management.rmi java.net.http java.scripting java.security.jgss java.transaction.xa java.sql java.sql.rowset java.xml.crypto java.se java.smartcardio jdk.accessibility jdk.internal.jvmstat jdk.attach jdk.charsets jdk.internal.opt jdk.zipfs jdk.compiler jdk.crypto.ec jdk.crypto.cryptoki jdk.crypto.mscapi jdk.dynalink jdk.internal.ed jdk.editpad jdk.hotspot.agent jdk.httpserver jdk.internal.le jdk.internal.vm.ci jdk.internal.vm.compiler jdk.internal.vm.compiler.management jdk.jartool jdk.javadoc jdk.jcmd jdk.management jdk.management.agent jdk.jconsole jdk.jdeps jdk.jdwp.agent jdk.jdi jdk.jfr jdk.jshell jdk.jsobject jdk.jstatd jdk.localedata jdk.management.jfr jdk.naming.dns jdk.naming.rmi jdk.net jdk.nio.mapmode jdk.random jdk.sctp jdk.security.auth jdk.security.jgss jdk.unsupported jdk.unsupported.desktop jdk.xml.dom" 

Environment Variables:
JAVA_HOME=C:\Program Files\Java\jdk-21
PATH=C:\Program Files\Google\Chrome\Application;C:\Program Files\Common Files\Oracle\Java\javapath;C:\WINDOWS\system32;C:\WINDOWS;C:\WINDOWS\System32\Wbem;C:\WINDOWS\System32\WindowsPowerShell\v1.0\;C:\WINDOWS\System32\OpenSSH\;C:\ProgramData\UNIVALI\Portugol Studio;C:\Program Files\Git\cmd;C:\Program Files\nodejs\;C:\Program Files\Java\jdk-21\bin;C:\Program Files\Common Files\Oracle\Java\javapath;C:\WINDOWS\system32;C:\WINDOWS;C:\WINDOWS\System32\Wbem;C:\WINDOWS\System32\WindowsPowerShell\v1.0\;C:\WINDOWS\System32\OpenSSH\;C:\ProgramData\UNIVALI\Portugol Studio;C:\Program Files\Git\cmd;C:\Program Files\nodejs\;C:\Program Files\Docker\Docker\resources\bin;C:\Program Files\Java\jdk-21\bin;C:\Program Files\MySQL\MySQL Shell 8.0\bin\;C:\Users\Lenovo\AppData\Local\Programs\Python\Launcher\;C:\Users\Lenovo\AppData\Local\Microsoft\WindowsApps;C:\Users\Lenovo\AppData\Local\Programs\Microsoft VS Code\bin;C:\Users\Lenovo\AppData\Local\GitHubDesktop\bin;C:\MinGW\bin;C:\Users\Lenovo\AppData\Roaming\npm;C:\Users\Lenovo\AppData\Local\Programs\cursor\resources\app\bin;C:\Users\Lenovo\.local\bin;C:\Users\Lenovo\.fly\bin
USERNAME=Lenovo
OS=Windows_NT
PROCESSOR_IDENTIFIER=Intel64 Family 6 Model 142 Stepping 12, GenuineIntel
TMP=C:\Users\Lenovo\AppData\Local\Temp
TEMP=C:\Users\Lenovo\AppData\Local\Temp




Periodic native trim disabled

---------------  S Y S T E M  ---------------

OS:
 Windows 11 , 64 bit Build 26100 (10.0.26100.8521)
OS uptime: 69 days 18:59 hours
Hyper-V role detected

CPU: total 4 (initial active 4) (2 cores per cpu, 2 threads per core) family 6 model 142 stepping 12 microcode 0xea, cx8, cmov, fxsr, ht, mmx, 3dnowpref, sse, sse2, sse3, ssse3, sse4.1, sse4.2, popcnt, lzcnt, tsc, tscinvbit, avx, avx2, aes, erms, clmul, bmi1, bmi2, adx, fma, vzeroupper, clflush, clflushopt, hv, rdtscp, f16c
Processor Information for the first 4 processors :
  Max Mhz: 2592, Current Mhz: 2093, Mhz Limit: 2073

Memory: 4k page, system-wide physical 8026M (182M free)
TotalPageFile size 32602M (AvailPageFile size 0M)
current process WorkingSet (physical memory assigned to process): 108M, peak: 108M
current process commit charge ("private bytes"): 236M, peak: 236M

vm_info: OpenJDK 64-Bit Server VM (21.0.12.1+1-LTS) for windows-amd64 JRE (21.0.12.1+1-LTS), built on 2026-08-18T00:00:00Z by "admin" with MS VC++ 17.12 (VS2022)

END.
