#
# There is insufficient memory for the Java Runtime Environment to continue.
# Native memory allocation (mmap) failed to map 65536 bytes. Error detail: Failed to commit metaspace.
# Possible reasons:
#   The system is out of physical RAM or swap space
#   This process is running with CompressedOops enabled, and the Java Heap may be blocking the growth of the native heap
# Possible solutions:
#   Reduce memory load on the system
#   Increase physical memory or swap space
#   Check if swap backing store is full
#   Decrease Java heap size (-Xmx/-Xms)
#   Decrease number of Java threads
#   Decrease Java thread stack sizes (-Xss)
#   Set larger code cache with -XX:ReservedCodeCacheSize=
#   JVM is running with Unscaled Compressed Oops mode in which the Java heap is
#     placed in the first 4GB address space. The Java Heap base address is the
#     maximum limit for the native heap growth. Please use -XX:HeapBaseMinAddress
#     to set the Java Heap base and to place the Java Heap above 4GB virtual address.
# This output file may be truncated or incomplete.
#
#  Out of Memory Error (virtualSpaceNode.cpp:113), pid=176392, tid=182132
#
# JRE version: OpenJDK Runtime Environment Temurin-21.0.12.1+1 (21.0.12.1+1) (build 21.0.12.1+1-LTS)
# Java VM: OpenJDK 64-Bit Server VM Temurin-21.0.12.1+1 (21.0.12.1+1-LTS, mixed mode, sharing, tiered, compressed oops, compressed class ptrs, parallel gc, windows-amd64)
# No core dump will be written. Minidumps are not enabled by default on client versions of Windows
#

---------------  S U M M A R Y ------------

Command Line: --add-modules=ALL-SYSTEM --add-opens=java.base/java.util=ALL-UNNAMED --add-opens=java.base/java.lang=ALL-UNNAMED --add-opens=java.base/sun.nio.fs=ALL-UNNAMED -Declipse.application=org.eclipse.jdt.ls.core.id1 -Dosgi.bundles.defaultStartLevel=4 -Declipse.product=org.eclipse.jdt.ls.core.product -Djava.import.generatesMetadataFilesAtProjectRoot=false -Dm2e.project.cache.size=50 -DDetectVMInstallationsJob.disabled=true -Dfile.encoding=utf8 -XX:+UseParallelGC -XX:GCTimeRatio=4 -XX:AdaptiveSizePolicyWeight=90 -Dsun.zip.disableMemoryMapping=true -Xmx2G -Xms100m -Xlog:disable -javaagent:c:\Users\Lenovo\.vscode\extensions\redhat.java-1.56.0-win32-x64\lombok\lombok-1.18.39-4050.jar -XX:+HeapDumpOnOutOfMemoryError -XX:HeapDumpPath=c:\Users\Lenovo\AppData\Roaming\Code\User\workspaceStorage\e496caea2e03d1f4e87f2f5bdf89700b\redhat.java -Daether.dependencyCollector.impl=bf c:\Users\Lenovo\.vscode\extensions\redhat.java-1.56.0-win32-x64\server\plugins\org.eclipse.equinox.launcher_1.8.0.v20260804-1928.jar -configuration c:\Users\Lenovo\AppData\Roaming\Code\User\globalStorage\redhat.java\1.56.0\config_win -data c:\Users\Lenovo\AppData\Roaming\Code\User\workspaceStorage\e496caea2e03d1f4e87f2f5bdf89700b\redhat.java\jdt_ws --stdio

Host: Intel(R) Core(TM) i3-10110U CPU @ 2.10GHz, 4 cores, 7G,  Windows 11 , 64 bit Build 26100 (10.0.26100.8521)
Time: Wed Sep  9 23:24:05 2026 Hora oficial do Brasil elapsed time: 0.579422 seconds (0d 0h 0m 0s)

---------------  T H R E A D  ---------------

Current thread (0x0000011e205ac7b0):  JavaThread "main"             [_thread_in_vm, id=182132, stack(0x00000015a2900000,0x00000015a2a00000) (1024K)]

Stack: [0x00000015a2900000,0x00000015a2a00000]
Native frames: (J=compiled Java code, j=interpreted, Vv=VM code, C=native code)
V  [jvm.dll+0x6d83e9]
V  [jvm.dll+0x8b5736]
V  [jvm.dll+0x8b7cee]
V  [jvm.dll+0x8b83d3]
V  [jvm.dll+0x284596]
V  [jvm.dll+0x8b147e]
V  [jvm.dll+0x679ad4]
V  [jvm.dll+0x679b3a]
V  [jvm.dll+0x67c336]
V  [jvm.dll+0x67c202]
V  [jvm.dll+0x67a4ae]
V  [jvm.dll+0x3c7a23]
V  [jvm.dll+0x2118db]
V  [jvm.dll+0x5b6aa9]
V  [jvm.dll+0x2218ae]
V  [jvm.dll+0x82ec5d]
V  [jvm.dll+0x82fc8b]
V  [jvm.dll+0x830254]
V  [jvm.dll+0x82fee8]
V  [jvm.dll+0x271ebd]
V  [jvm.dll+0x3dd36e]
C  0x0000011e2cfc925f

The last pc belongs to new (printed below).
Java frames: (J=compiled Java code, j=interpreted, Vv=VM code)
j  sun.security.jca.ProviderList.<init>([Lsun/security/jca/ProviderConfig;Z)V+5 java.base@21.0.12.1
j  sun.security.jca.ProviderList.<clinit>()V+34 java.base@21.0.12.1
v  ~StubRoutines::call_stub 0x0000011e2cfb100d
j  sun.security.jca.Providers.<clinit>()V+10 java.base@21.0.12.1
v  ~StubRoutines::call_stub 0x0000011e2cfb100d
j  sun.security.util.SignatureFileVerifier.<init>(Ljava/util/List;Lsun/security/util/ManifestDigester;Ljava/lang/String;[B)V+23 java.base@21.0.12.1
j  java.util.jar.JarVerifier.processEntry(Lsun/security/util/ManifestEntryVerifier;)V+319 java.base@21.0.12.1
j  java.util.jar.JarVerifier.update(I[BIILsun/security/util/ManifestEntryVerifier;)V+39 java.base@21.0.12.1
j  java.util.jar.JarFile.initializeVerifier()V+164 java.base@21.0.12.1
j  java.util.jar.JarFile.ensureInitialization()V+36 java.base@21.0.12.1
j  java.util.jar.JavaUtilJarAccessImpl.ensureInitialization(Ljava/util/jar/JarFile;)V+1 java.base@21.0.12.1
j  jdk.internal.loader.URLClassPath$JarLoader$2.getManifest()Ljava/util/jar/Manifest;+10 java.base@21.0.12.1
j  jdk.internal.loader.BuiltinClassLoader.defineClass(Ljava/lang/String;Ljdk/internal/loader/Resource;)Ljava/lang/Class;+29 java.base@21.0.12.1
j  jdk.internal.loader.BuiltinClassLoader.findClassOnClassPathOrNull(Ljava/lang/String;)Ljava/lang/Class;+37 java.base@21.0.12.1
j  jdk.internal.loader.BuiltinClassLoader.loadClassOrNull(Ljava/lang/String;Z)Ljava/lang/Class;+111 java.base@21.0.12.1
j  jdk.internal.loader.BuiltinClassLoader.loadClass(Ljava/lang/String;Z)Ljava/lang/Class;+3 java.base@21.0.12.1
j  jdk.internal.loader.ClassLoaders$AppClassLoader.loadClass(Ljava/lang/String;Z)Ljava/lang/Class;+36 java.base@21.0.12.1
j  java.lang.ClassLoader.loadClass(Ljava/lang/String;)Ljava/lang/Class;+3 java.base@21.0.12.1
v  ~StubRoutines::call_stub 0x0000011e2cfb100d
j  java.lang.Class.forName0(Ljava/lang/String;ZLjava/lang/ClassLoader;Ljava/lang/Class;)Ljava/lang/Class;+0 java.base@21.0.12.1
j  java.lang.Class.forName(Ljava/lang/String;ZLjava/lang/ClassLoader;Ljava/lang/Class;)Ljava/lang/Class;+37 java.base@21.0.12.1
j  java.lang.Class.forName(Ljava/lang/String;ZLjava/lang/ClassLoader;)Ljava/lang/Class;+20 java.base@21.0.12.1
j  sun.launcher.LauncherHelper.loadMainClass(ILjava/lang/String;)Ljava/lang/Class;+95 java.base@21.0.12.1
j  sun.launcher.LauncherHelper.checkAndLoadMain(ZILjava/lang/String;)Ljava/lang/Class;+42 java.base@21.0.12.1
v  ~StubRoutines::call_stub 0x0000011e2cfb100d
new  187 new  [0x0000011e2cfc90e0, 0x0000011e2cfc92e8]  520 bytes
[MachCode]
  0x0000011e2cfc90e0: 4883 ec08 | c5fa 1104 | 24eb 1f48 | 83ec 10c5 | fb11 0424 | eb14 4883 | ec10 4889 | 0424 48c7 
  0x0000011e2cfc9100: 4424 0800 | 0000 00eb | 0150 410f | b755 010f | cac1 ea10 | 488b 4de8 | 488b 4908 | 488b 4908 
  0x0000011e2cfc9120: 488b 4108 | 807c 1004 | 070f 85d3 | 0000 0066 | 8b54 d148 | 488b 4928 | 488b 4cd1 | 0851 80b9 
  0x0000011e2cfc9140: 3101 0000 | 040f 85b6 | 0000 008b | 5108 f6c2 | 010f 85aa | 0000 0049 | 8b87 b801 | 0000 488d 
  0x0000011e2cfc9160: 1c10 493b | 9fc8 0100 | 000f 8792 | 0000 0049 | 899f b801 | 0000 4883 | ea10 0f84 | 0f00 0000 
  0x0000011e2cfc9180: 33c9 c1ea | 0348 894c | d008 48ff | ca75 f648 | c700 0100 | 0000 5933 | f689 700c | 49ba 0000 
  0x0000011e2cfc91a0: 003a 1e01 | 0000 492b | ca89 4808 | 49ba 076d | 426f f87f | 0000 4180 | 3a00 0f84 | 3c00 0000 
  0x0000011e2cfc91c0: 5048 8bc8 | 4883 ec20 | 40f6 c40f | 0f84 1900 | 0000 4883 | ec08 48b8 | 20eb eb6e | f87f 0000 
  0x0000011e2cfc91e0: ffd0 4883 | c408 e90c | 0000 0048 | b820 ebeb | 6ef8 7f00 | 00ff d048 | 83c4 2058 | e9cb 0000 
  0x0000011e2cfc9200: 0059 488b | 55e8 488b | 5208 488b | 5208 450f | b745 0141 | 0fc8 41c1 | e810 e805 | 0000 00e9 
  0x0000011e2cfc9220: a800 0000 | 488d 4424 | 084c 896d | c049 8bcf | c5f8 7749 | 89af b003 | 0000 4989 | 87a0 0300 
  0x0000011e2cfc9240: 0048 83ec | 2040 f6c4 | 0f0f 8419 | 0000 0048 | 83ec 0848 | b820 d3b5 | 6ef8 7f00 | 00ff d048 
  0x0000011e2cfc9260: 83c4 08e9 | 0c00 0000 | 48b8 20d3 | b56e f87f | 0000 ffd0 | 4883 c420 | 49c7 87a0 | 0300 0000 
  0x0000011e2cfc9280: 0000 0049 | c787 b003 | 0000 0000 | 0000 49c7 | 87a8 0300 | 0000 0000 | 00c5 f877 | 4983 7f08 
  0x0000011e2cfc92a0: 000f 8405 | 0000 00e9 | 547c feff | 498b 87f8 | 0300 0049 | c787 f803 | 0000 0000 | 0000 4c8b 
  0x0000011e2cfc92c0: 6dc0 4c8b | 75c8 4e8d | 74f5 00c3 | 410f b65d | 0349 83c5 | 0349 ba50 | 3545 6ff8 | 7f00 0041 
  0x0000011e2cfc92e0: ff24 da0f | 1f44 0000 
[/MachCode]

---------------  P R O C E S S  ---------------

Threads class SMR info:
_java_thread_list=0x0000011e7f20d450, length=11, elements={
0x0000011e205ac7b0, 0x0000011e39275ff0, 0x0000011e39278d90, 0x0000011e3927b5d0,
0x0000011e3927e460, 0x0000011e39286f30, 0x0000011e392847d0, 0x0000011e392b4a40,
0x0000011e392b6af0, 0x0000011e39283ab0, 0x0000011e392854f0
}

Java Threads: ( => current thread )
=>0x0000011e205ac7b0 JavaThread "main"                              [_thread_in_vm, id=182132, stack(0x00000015a2900000,0x00000015a2a00000) (1024K)]
  0x0000011e39275ff0 JavaThread "Reference Handler"          daemon [_thread_blocked, id=179196, stack(0x00000015a2d00000,0x00000015a2e00000) (1024K)]
  0x0000011e39278d90 JavaThread "Finalizer"                  daemon [_thread_blocked, id=178072, stack(0x00000015a2e00000,0x00000015a2f00000) (1024K)]
  0x0000011e3927b5d0 JavaThread "Signal Dispatcher"          daemon [_thread_blocked, id=153120, stack(0x00000015a2f00000,0x00000015a3000000) (1024K)]
  0x0000011e3927e460 JavaThread "Attach Listener"            daemon [_thread_blocked, id=9484, stack(0x00000015a3000000,0x00000015a3100000) (1024K)]
  0x0000011e39286f30 JavaThread "Service Thread"             daemon [_thread_blocked, id=180912, stack(0x00000015a3100000,0x00000015a3200000) (1024K)]
  0x0000011e392847d0 JavaThread "Monitor Deflation Thread"   daemon [_thread_blocked, id=180108, stack(0x00000015a3200000,0x00000015a3300000) (1024K)]
  0x0000011e392b4a40 JavaThread "C2 CompilerThread0"         daemon [_thread_blocked, id=166736, stack(0x00000015a3300000,0x00000015a3400000) (1024K)]
  0x0000011e392b6af0 JavaThread "C1 CompilerThread0"         daemon [_thread_blocked, id=174616, stack(0x00000015a3400000,0x00000015a3500000) (1024K)]
  0x0000011e39283ab0 JavaThread "Common-Cleaner"             daemon [_thread_blocked, id=174872, stack(0x00000015a3500000,0x00000015a3600000) (1024K)]
  0x0000011e392854f0 JavaThread "Notification Thread"        daemon [_thread_blocked, id=164440, stack(0x00000015a3600000,0x00000015a3700000) (1024K)]
Total: 11

Other Threads:
  0x0000011e3926fab0 VMThread "VM Thread"                           [id=176804, stack(0x00000015a2c00000,0x00000015a2d00000) (1024K)]
  0x0000011e3920ca10 WatcherThread "VM Periodic Task Thread"        [id=175076, stack(0x00000015a2b00000,0x00000015a2c00000) (1024K)]
  0x0000011e228a6b00 WorkerThread "GC Thread#0"                     [id=172688, stack(0x00000015a2a00000,0x00000015a2b00000) (1024K)]
Total: 3

Threads with active compile tasks:
Total: 0

VM state: not at safepoint (normal execution)

VM Mutex/Monitor currently owned by a thread:  ([mutex/lock_event])
[0x00007ff86f43d530] Metaspace_lock - owner thread: 0x0000011e205ac7b0

Heap address: 0x0000000080000000, size: 2048 MB, Compressed Oops mode: 32-bit

CDS archive(s) mapped at: [0x0000011e3a000000-0x0000011e3aba0000-0x0000011e3aba0000), size 12189696, SharedBaseAddress: 0x0000011e3a000000, ArchiveRelocationMode: 1.
Compressed class space mapped at: 0x0000011e3b000000-0x0000011e7b000000, reserved size: 1073741824
Narrow klass base: 0x0000011e3a000000, Narrow klass shift: 0, Narrow klass range: 0x100000000

GC Precious Log:
 CardTable entry size: 512
 CPUs: 4 total, 4 available
 Memory: 8026M
 Large Page Support: Disabled
 NUMA Support: Disabled
 Compressed Oops: Enabled (32-bit)
 Alignments: Space 512K, Generation 512K, Heap 2M
 Heap Min Capacity: 100M
 Heap Initial Capacity: 100M
 Heap Max Capacity: 2G
 Pre-touch: Disabled
 Parallel Workers: 4

Heap:
 PSYoungGen      total 29696K, used 10257K [0x00000000d5580000, 0x00000000d7680000, 0x0000000100000000)
  eden space 25600K, 40% used [0x00000000d5580000,0x00000000d5f84658,0x00000000d6e80000)
  from space 4096K, 0% used [0x00000000d7280000,0x00000000d7280000,0x00000000d7680000)
  to   space 4096K, 0% used [0x00000000d6e80000,0x00000000d6e80000,0x00000000d7280000)
 ParOldGen       total 68608K, used 0K [0x0000000080000000, 0x0000000084300000, 0x00000000d5580000)
  object space 68608K, 0% used [0x0000000080000000,0x0000000080000000,0x0000000084300000)
 Metaspace       used 1209K, committed 1408K, reserved 1114112K
  class space    used 113K, committed 192K, reserved 1048576K

Card table byte_map: [0x0000011e22220000,0x0000011e22630000] _byte_map_base: 0x0000011e21e20000

Marking Bits: (ParMarkBitMap*) 0x00007ff86f4444a0
 Begin Bits: [0x0000011e34d30000, 0x0000011e36d30000)
 End Bits:   [0x0000011e36d30000, 0x0000011e38d30000)

Polling page: 0x0000011e20530000

Metaspace:

Usage:
  Non-class:      1.07 MB used.
      Class:    113.60 KB used.
       Both:      1.18 MB used.

Virtual space:
  Non-class space:       64.00 MB reserved,       1.19 MB (  2%) committed,  1 nodes.
      Class space:        1.00 GB reserved,     192.00 KB ( <1%) committed,  1 nodes.
             Both:        1.06 GB reserved,       1.38 MB ( <1%) committed. 

Chunk freelists:
   Non-Class:  11.66 MB
       Class:  15.67 MB
        Both:  27.33 MB

MaxMetaspaceSize: unlimited
CompressedClassSpaceSize: 1.00 GB
Initial GC threshold: 21.00 MB
Current GC threshold: 21.00 MB
CDS: on
 - commit_granule_bytes: 65536.
 - commit_granule_words: 8192.
 - virtual_space_node_default_size: 8388608.
 - enlarge_chunks_in_place: 1.
 - use_allocation_guard: 0.


Internal statistics:

num_allocs_failed_limit: 0.
num_arena_births: 74.
num_arena_deaths: 0.
num_vsnodes_births: 2.
num_vsnodes_deaths: 0.
num_space_committed: 22.
num_space_uncommitted: 0.
num_chunks_returned_to_freelist: 0.
num_chunks_taken_from_freelist: 96.
num_chunk_merges: 0.
num_chunk_splits: 67.
num_chunks_enlarged: 43.
num_inconsistent_stats: 0.

CodeHeap 'non-profiled nmethods': size=120000Kb used=186Kb max_used=186Kb free=119813Kb
 bounds [0x0000011e2d550000, 0x0000011e2d7c0000, 0x0000011e34a80000]
CodeHeap 'profiled nmethods': size=120000Kb used=793Kb max_used=793Kb free=119206Kb
 bounds [0x0000011e25a80000, 0x0000011e25cf0000, 0x0000011e2cfb0000]
CodeHeap 'non-nmethods': size=5760Kb used=1152Kb max_used=1168Kb free=4607Kb
 bounds [0x0000011e2cfb0000, 0x0000011e2d220000, 0x0000011e2d550000]
CodeCache: size=245760Kb, used=2131Kb, max_used=2147Kb, free=243626Kb
 total_blobs=960, nmethods=560, adapters=307, full_count=0
Compilation: enabled, stopped_count=0, restarted_count=0

Compilation events (20 events):
Event: 0.510 Thread 0x0000011e392b6af0 nmethod 551 0x0000011e25b43610 code [0x0000011e25b437e0, 0x0000011e25b43968]
Event: 0.510 Thread 0x0000011e392b6af0  552       3       java.util.Collections$UnmodifiableCollection::iterator (9 bytes)
Event: 0.511 Thread 0x0000011e392b6af0 nmethod 552 0x0000011e25b43a90 code [0x0000011e25b43c60, 0x0000011e25b43f90]
Event: 0.511 Thread 0x0000011e392b6af0  555       3       java.lang.String::charAt (25 bytes)
Event: 0.511 Thread 0x0000011e392b6af0 nmethod 555 0x0000011e25b44110 code [0x0000011e25b44300, 0x0000011e25b44840]
Event: 0.511 Thread 0x0000011e392b6af0  553       3       java.util.Collections$UnmodifiableCollection$1::<init> (26 bytes)
Event: 0.511 Thread 0x0000011e392b6af0 nmethod 553 0x0000011e25b44a90 code [0x0000011e25b44c40, 0x0000011e25b44ec0]
Event: 0.543 Thread 0x0000011e392b6af0  556       3       lombok.patcher.scripts.MethodLevelPatchScript::patch (21 bytes)
Event: 0.543 Thread 0x0000011e392b6af0 nmethod 556 0x0000011e25b45010 code [0x0000011e25b451e0, 0x0000011e25b45468]
Event: 0.543 Thread 0x0000011e392b6af0  557       3       lombok.patcher.PatchScript::classMatches (41 bytes)
Event: 0.544 Thread 0x0000011e392b6af0 nmethod 557 0x0000011e25b45590 code [0x0000011e25b457c0, 0x0000011e25b45e28]
Event: 0.547 Thread 0x0000011e392b4a40 nmethod 525 0x0000011e2d57d590 code [0x0000011e2d57d760, 0x0000011e2d57dcb0]
Event: 0.547 Thread 0x0000011e392b4a40  554       4       java.lang.StringLatin1::charAt (15 bytes)
Event: 0.548 Thread 0x0000011e392b6af0  559       3       jdk.internal.org.objectweb.asm.ByteVector::<init> (13 bytes)
Event: 0.548 Thread 0x0000011e392b4a40 nmethod 554 0x0000011e2d57df90 code [0x0000011e2d57e120, 0x0000011e2d57e1f0]
Event: 0.548 Thread 0x0000011e392b4a40  550       4       java.lang.String::toString (2 bytes)
Event: 0.548 Thread 0x0000011e392b6af0 nmethod 559 0x0000011e25b46090 code [0x0000011e25b46240, 0x0000011e25b46460]
Event: 0.548 Thread 0x0000011e392b4a40 nmethod 550 0x0000011e2d57e310 code [0x0000011e2d57e4a0, 0x0000011e2d57e528]
Event: 0.549 Thread 0x0000011e392b4a40  560       4       jdk.internal.util.ArraysSupport::vectorizedHashCode (158 bytes)
Event: 0.552 Thread 0x0000011e392b4a40 nmethod 560 0x0000011e2d57e610 code [0x0000011e2d57e7a0, 0x0000011e2d57e9a8]

GC Heap History (0 events):
No events

Dll operation events (16 events):
Event: 0.019 Attempting to load shared library c:\Users\Lenovo\.vscode\extensions\redhat.java-1.56.0-win32-x64\jre\21.0.12.1-win32-x86_64\bin\java.dll
Event: 0.019 Loaded shared library c:\Users\Lenovo\.vscode\extensions\redhat.java-1.56.0-win32-x64\jre\21.0.12.1-win32-x86_64\bin\java.dll
Event: 0.105 Attempting to load shared library c:\Users\Lenovo\.vscode\extensions\redhat.java-1.56.0-win32-x64\jre\21.0.12.1-win32-x86_64\bin\zip.dll
Event: 0.106 Loaded shared library c:\Users\Lenovo\.vscode\extensions\redhat.java-1.56.0-win32-x64\jre\21.0.12.1-win32-x86_64\bin\zip.dll
Event: 0.140 Attempting to load shared library C:\Users\Lenovo\.vscode\extensions\redhat.java-1.56.0-win32-x64\jre\21.0.12.1-win32-x86_64\bin\instrument.dll
Event: 0.140 Loaded shared library C:\Users\Lenovo\.vscode\extensions\redhat.java-1.56.0-win32-x64\jre\21.0.12.1-win32-x86_64\bin\instrument.dll
Event: 0.147 Attempting to load shared library C:\Users\Lenovo\.vscode\extensions\redhat.java-1.56.0-win32-x64\jre\21.0.12.1-win32-x86_64\bin\net.dll
Event: 0.149 Loaded shared library C:\Users\Lenovo\.vscode\extensions\redhat.java-1.56.0-win32-x64\jre\21.0.12.1-win32-x86_64\bin\net.dll
Event: 0.151 Attempting to load shared library C:\Users\Lenovo\.vscode\extensions\redhat.java-1.56.0-win32-x64\jre\21.0.12.1-win32-x86_64\bin\nio.dll
Event: 0.152 Loaded shared library C:\Users\Lenovo\.vscode\extensions\redhat.java-1.56.0-win32-x64\jre\21.0.12.1-win32-x86_64\bin\nio.dll
Event: 0.156 Attempting to load shared library C:\Users\Lenovo\.vscode\extensions\redhat.java-1.56.0-win32-x64\jre\21.0.12.1-win32-x86_64\bin\zip.dll
Event: 0.156 Loaded shared library C:\Users\Lenovo\.vscode\extensions\redhat.java-1.56.0-win32-x64\jre\21.0.12.1-win32-x86_64\bin\zip.dll
Event: 0.186 Attempting to load shared library C:\Users\Lenovo\.vscode\extensions\redhat.java-1.56.0-win32-x64\jre\21.0.12.1-win32-x86_64\bin\jimage.dll
Event: 0.186 Loaded shared library C:\Users\Lenovo\.vscode\extensions\redhat.java-1.56.0-win32-x64\jre\21.0.12.1-win32-x86_64\bin\jimage.dll
Event: 0.304 Attempting to load shared library c:\Users\Lenovo\.vscode\extensions\redhat.java-1.56.0-win32-x64\jre\21.0.12.1-win32-x86_64\bin\verify.dll
Event: 0.305 Loaded shared library c:\Users\Lenovo\.vscode\extensions\redhat.java-1.56.0-win32-x64\jre\21.0.12.1-win32-x86_64\bin\verify.dll

Deoptimization events (20 events):
Event: 0.449 Thread 0x0000011e205ac7b0 DEOPT PACKING pc=0x0000011e25aca918 sp=0x00000015a29fbd70
Event: 0.449 Thread 0x0000011e205ac7b0 DEOPT UNPACKING pc=0x0000011e2d004242 sp=0x00000015a29fb230 mode 0
Event: 0.510 Thread 0x0000011e205ac7b0 DEOPT PACKING pc=0x0000011e25aca918 sp=0x00000015a29fdc60
Event: 0.510 Thread 0x0000011e205ac7b0 DEOPT UNPACKING pc=0x0000011e2d004242 sp=0x00000015a29fd120 mode 0
Event: 0.510 Thread 0x0000011e205ac7b0 Uncommon trap: trap_request=0xffffff45 fr.pc=0x0000011e2d561164 relative=0x00000000000000c4
Event: 0.510 Thread 0x0000011e205ac7b0 Uncommon trap: reason=unstable_if action=reinterpret pc=0x0000011e2d561164 method=java.lang.String.isLatin1()Z @ 10 c2
Event: 0.510 Thread 0x0000011e205ac7b0 DEOPT PACKING pc=0x0000011e2d561164 sp=0x00000015a29ff3c0
Event: 0.510 Thread 0x0000011e205ac7b0 DEOPT UNPACKING pc=0x0000011e2d003aa2 sp=0x00000015a29ff300 mode 2
Event: 0.512 Thread 0x0000011e205ac7b0 Uncommon trap: trap_request=0xffffffde fr.pc=0x0000011e2d55f5e8 relative=0x00000000000007c8
Event: 0.512 Thread 0x0000011e205ac7b0 Uncommon trap: reason=class_check action=maybe_recompile pc=0x0000011e2d55f5e8 method=java.util.HashMap.putVal(ILjava/lang/Object;Ljava/lang/Object;ZZ)Ljava/lang/Object; @ 152 c2
Event: 0.512 Thread 0x0000011e205ac7b0 DEOPT PACKING pc=0x0000011e2d55f5e8 sp=0x00000015a29ff1f0
Event: 0.512 Thread 0x0000011e205ac7b0 DEOPT UNPACKING pc=0x0000011e2d003aa2 sp=0x00000015a29ff150 mode 2
Event: 0.512 Thread 0x0000011e205ac7b0 Uncommon trap: trap_request=0xffffffde fr.pc=0x0000011e2d55f5e8 relative=0x00000000000007c8
Event: 0.512 Thread 0x0000011e205ac7b0 Uncommon trap: reason=class_check action=maybe_recompile pc=0x0000011e2d55f5e8 method=java.util.HashMap.putVal(ILjava/lang/Object;Ljava/lang/Object;ZZ)Ljava/lang/Object; @ 152 c2
Event: 0.512 Thread 0x0000011e205ac7b0 DEOPT PACKING pc=0x0000011e2d55f5e8 sp=0x00000015a29ff1f0
Event: 0.512 Thread 0x0000011e205ac7b0 DEOPT UNPACKING pc=0x0000011e2d003aa2 sp=0x00000015a29ff150 mode 2
Event: 0.542 Thread 0x0000011e205ac7b0 DEOPT PACKING pc=0x0000011e25aca918 sp=0x00000015a29fce60
Event: 0.542 Thread 0x0000011e205ac7b0 DEOPT UNPACKING pc=0x0000011e2d004242 sp=0x00000015a29fc320 mode 0
Event: 0.547 Thread 0x0000011e205ac7b0 DEOPT PACKING pc=0x0000011e25aca918 sp=0x00000015a29fcd00
Event: 0.547 Thread 0x0000011e205ac7b0 DEOPT UNPACKING pc=0x0000011e2d004242 sp=0x00000015a29fc1c0 mode 0

Classes loaded (20 events):
Event: 0.543 Loading class sun/security/util/ManifestEntryVerifier done
Event: 0.546 Loading class java/util/LinkedList
Event: 0.546 Loading class java/util/AbstractSequentialList
Event: 0.547 Loading class java/util/AbstractSequentialList done
Event: 0.547 Loading class java/util/LinkedList done
Event: 0.547 Loading class sun/security/util/ManifestDigester
Event: 0.547 Loading class sun/security/util/ManifestDigester done
Event: 0.547 Loading class sun/security/util/ManifestDigester$Position
Event: 0.547 Loading class sun/security/util/ManifestDigester$Position done
Event: 0.547 Loading class sun/security/util/ManifestDigester$Entry
Event: 0.547 Loading class sun/security/util/ManifestDigester$Entry done
Event: 0.548 Loading class sun/security/util/ManifestDigester$Section
Event: 0.548 Loading class sun/security/util/ManifestDigester$Section done
Event: 0.549 Loading class sun/security/jca/Providers
Event: 0.549 Loading class sun/security/jca/Providers done
Event: 0.549 Loading class sun/security/jca/ProviderList
Event: 0.549 Loading class sun/security/jca/ProviderList done
Event: 0.549 Loading class sun/security/jca/ProviderConfig
Event: 0.549 Loading class sun/security/jca/ProviderConfig done
Event: 0.550 Loading class sun/security/jca/ProviderList$3

Classes unloaded (0 events):
No events

Classes redefined (0 events):
No events

Internal exceptions (11 events):
Event: 0.101 Thread 0x0000011e205ac7b0 Exception <a 'java/lang/NoSuchMethodError'{0x00000000d57a91f8}: 'void java.lang.invoke.DirectMethodHandle$Holder.invokeStatic(java.lang.Object, java.lang.Object, java.lang.Object)'> (0x00000000d57a91f8) 
thrown [s\src\hotspot\share\interpreter\linkResolver.cpp, line 773]
Event: 0.179 Thread 0x0000011e205ac7b0 Exception <a 'java/lang/NoSuchMethodError'{0x00000000d5912480}: 'java.lang.Object java.lang.invoke.Invokers$Holder.invokeExact_MT(java.lang.Object, java.lang.Object, java.lang.Object, java.lang.Object, java.lang.Object)'> (0x00000000d5912480) 
thrown [s\src\hotspot\share\interpreter\linkResolver.cpp, line 773]
Event: 0.230 Thread 0x0000011e205ac7b0 Exception <a 'java/lang/NoSuchMethodError'{0x00000000d59ca1b8}: 'int java.lang.invoke.DirectMethodHandle$Holder.invokeSpecial(java.lang.Object, java.lang.Object, java.lang.Object, int)'> (0x00000000d59ca1b8) 
thrown [s\src\hotspot\share\interpreter\linkResolver.cpp, line 773]
Event: 0.233 Thread 0x0000011e205ac7b0 Exception <a 'java/lang/NoSuchMethodError'{0x00000000d59dcba0}: 'java.lang.Object java.lang.invoke.DirectMethodHandle$Holder.invokeStatic(java.lang.Object, java.lang.Object, java.lang.Object, java.lang.Object, int)'> (0x00000000d59dcba0) 
thrown [s\src\hotspot\share\interpreter\linkResolver.cpp, line 773]
Event: 0.235 Thread 0x0000011e205ac7b0 Exception <a 'java/lang/NoSuchMethodError'{0x00000000d59e7fe0}: 'void java.lang.invoke.DelegatingMethodHandle$Holder.reinvoke_L(java.lang.Object, java.lang.Object, java.lang.Object, int, java.lang.Object)'> (0x00000000d59e7fe0) 
thrown [s\src\hotspot\share\interpreter\linkResolver.cpp, line 773]
Event: 0.238 Thread 0x0000011e205ac7b0 Exception <a 'java/lang/NoSuchMethodError'{0x00000000d59f8930}: 'int java.lang.invoke.DirectMethodHandle$Holder.invokeSpecial(java.lang.Object, java.lang.Object, java.lang.Object)'> (0x00000000d59f8930) 
thrown [s\src\hotspot\share\interpreter\linkResolver.cpp, line 773]
Event: 0.246 Thread 0x0000011e205ac7b0 Exception <a 'java/lang/NoSuchMethodError'{0x00000000d5a045f0}: 'java.lang.Object java.lang.invoke.DirectMethodHandle$Holder.invokeStatic(java.lang.Object, java.lang.Object, int)'> (0x00000000d5a045f0) 
thrown [s\src\hotspot\share\interpreter\linkResolver.cpp, line 773]
Event: 0.248 Thread 0x0000011e205ac7b0 Exception <a 'java/lang/NoSuchMethodError'{0x00000000d5a08f40}: 'void java.lang.invoke.DirectMethodHandle$Holder.invokeStatic(java.lang.Object, java.lang.Object, int, java.lang.Object)'> (0x00000000d5a08f40) 
thrown [s\src\hotspot\share\interpreter\linkResolver.cpp, line 773]
Event: 0.249 Thread 0x0000011e205ac7b0 Exception <a 'java/lang/NoSuchMethodError'{0x00000000d5a0cad0}: 'void java.lang.invoke.DirectMethodHandle$Holder.invokeSpecial(java.lang.Object, java.lang.Object, java.lang.Object, int, java.lang.Object)'> (0x00000000d5a0cad0) 
thrown [s\src\hotspot\share\interpreter\linkResolver.cpp, line 773]
Event: 0.250 Thread 0x0000011e205ac7b0 Exception <a 'java/lang/NoSuchMethodError'{0x00000000d5a0ff40}: 'void java.lang.invoke.DelegatingMethodHandle$Holder.delegate(java.lang.Object, java.lang.Object, int, java.lang.Object)'> (0x00000000d5a0ff40) 
thrown [s\src\hotspot\share\interpreter\linkResolver.cpp, line 773]
Event: 0.349 Thread 0x0000011e205ac7b0 Exception <a 'java/lang/NoSuchMethodError'{0x00000000d5bcee58}: 'void java.lang.invoke.DelegatingMethodHandle$Holder.reinvoke_L(java.lang.Object, java.lang.Object, java.lang.Object, int)'> (0x00000000d5bcee58) 
thrown [s\src\hotspot\share\interpreter\linkResolver.cpp, line 773]

ZGC Phase Switch (0 events):
No events

VM Operations (4 events):
Event: 0.104 Executing non-safepoint VM operation: HandshakeAllThreads (Deoptimize)
Event: 0.104 Executing non-safepoint VM operation: HandshakeAllThreads (Deoptimize) done
Event: 0.202 Executing non-safepoint VM operation: HandshakeAllThreads (Deoptimize)
Event: 0.202 Executing non-safepoint VM operation: HandshakeAllThreads (Deoptimize) done

Memory protections (0 events):
No events

Nmethod flushes (0 events):
No events

Events (11 events):
Event: 0.037 Thread 0x0000011e205ac7b0 Thread added: 0x0000011e205ac7b0
Event: 0.056 Thread 0x0000011e205ac7b0 Thread added: 0x0000011e39275ff0
Event: 0.056 Thread 0x0000011e205ac7b0 Thread added: 0x0000011e39278d90
Event: 0.056 Thread 0x0000011e205ac7b0 Thread added: 0x0000011e3927b5d0
Event: 0.056 Thread 0x0000011e205ac7b0 Thread added: 0x0000011e3927e460
Event: 0.056 Thread 0x0000011e205ac7b0 Thread added: 0x0000011e39286f30
Event: 0.056 Thread 0x0000011e205ac7b0 Thread added: 0x0000011e392847d0
Event: 0.057 Thread 0x0000011e205ac7b0 Thread added: 0x0000011e392b4a40
Event: 0.057 Thread 0x0000011e205ac7b0 Thread added: 0x0000011e392b6af0
Event: 0.144 Thread 0x0000011e205ac7b0 Thread added: 0x0000011e39283ab0
Event: 0.505 Thread 0x0000011e205ac7b0 Thread added: 0x0000011e392854f0


Dynamic libraries:
0x00007ff738450000 - 0x00007ff73845e000 	c:\Users\Lenovo\.vscode\extensions\redhat.java-1.56.0-win32-x64\jre\21.0.12.1-win32-x86_64\bin\java.exe
0x00007ff910ec0000 - 0x00007ff911126000 	C:\WINDOWS\SYSTEM32\ntdll.dll
0x00007ff910a20000 - 0x00007ff910ae9000 	C:\WINDOWS\System32\KERNEL32.DLL
0x00007ff90e210000 - 0x00007ff90e60a000 	C:\WINDOWS\System32\KERNELBASE.dll
0x00007ff90aac0000 - 0x00007ff90ab60000 	C:\WINDOWS\SYSTEM32\apphelp.dll
0x00007ff90e6c0000 - 0x00007ff90e80c000 	C:\WINDOWS\System32\ucrtbase.dll
0x00007ff8e97d0000 - 0x00007ff8e97ee000 	c:\Users\Lenovo\.vscode\extensions\redhat.java-1.56.0-win32-x64\jre\21.0.12.1-win32-x86_64\bin\VCRUNTIME140.dll
0x00007ff8ea0c0000 - 0x00007ff8ea0d8000 	c:\Users\Lenovo\.vscode\extensions\redhat.java-1.56.0-win32-x64\jre\21.0.12.1-win32-x86_64\bin\jli.dll
0x00007ff90f640000 - 0x00007ff90f807000 	C:\WINDOWS\System32\USER32.dll
0x00007ff90e810000 - 0x00007ff90e837000 	C:\WINDOWS\System32\win32u.dll
0x00007ff90f4b0000 - 0x00007ff90f4db000 	C:\WINDOWS\System32\GDI32.dll
0x00007ff8f5160000 - 0x00007ff8f53f2000 	C:\WINDOWS\WinSxS\amd64_microsoft.windows.common-controls_6595b64144ccf1df_6.0.26100.8521_none_3e08b75ce33403b3\COMCTL32.dll
0x00007ff910970000 - 0x00007ff910a19000 	C:\WINDOWS\System32\msvcrt.dll
0x00007ff90ea70000 - 0x00007ff90eb9b000 	C:\WINDOWS\System32\gdi32full.dll
0x00007ff90e610000 - 0x00007ff90e6b3000 	C:\WINDOWS\System32\msvcp_win.dll
0x00007ff90f570000 - 0x00007ff90f5a2000 	C:\WINDOWS\System32\IMM32.DLL
0x00007ff8fe0f0000 - 0x00007ff8fe0fc000 	c:\Users\Lenovo\.vscode\extensions\redhat.java-1.56.0-win32-x64\jre\21.0.12.1-win32-x86_64\bin\vcruntime140_1.dll
0x00007ff8d0990000 - 0x00007ff8d0a1d000 	c:\Users\Lenovo\.vscode\extensions\redhat.java-1.56.0-win32-x64\jre\21.0.12.1-win32-x86_64\bin\msvcp140.dll
0x00007ff86e780000 - 0x00007ff86f522000 	c:\Users\Lenovo\.vscode\extensions\redhat.java-1.56.0-win32-x64\jre\21.0.12.1-win32-x86_64\bin\server\jvm.dll
0x00007ff910dc0000 - 0x00007ff910e76000 	C:\WINDOWS\System32\ADVAPI32.dll
0x00007ff90f330000 - 0x00007ff90f3da000 	C:\WINDOWS\System32\sechost.dll
0x00007ff90ed30000 - 0x00007ff90ee48000 	C:\WINDOWS\System32\RPCRT4.dll
0x00007ff90fba0000 - 0x00007ff90fc20000 	C:\WINDOWS\System32\WS2_32.dll
0x00007ff90dfd0000 - 0x00007ff90e02e000 	C:\WINDOWS\SYSTEM32\POWRPROF.dll
0x00007ff8f58b0000 - 0x00007ff8f58e6000 	C:\WINDOWS\SYSTEM32\WINMM.dll
0x00007ff8fe250000 - 0x00007ff8fe25b000 	C:\WINDOWS\SYSTEM32\VERSION.dll
0x00007ff90dfb0000 - 0x00007ff90dfc4000 	C:\WINDOWS\SYSTEM32\UMPDC.dll
0x00007ff90cee0000 - 0x00007ff90cefb000 	C:\WINDOWS\SYSTEM32\kernel.appcore.dll
0x00007ff8fce60000 - 0x00007ff8fce6a000 	c:\Users\Lenovo\.vscode\extensions\redhat.java-1.56.0-win32-x64\jre\21.0.12.1-win32-x86_64\bin\jimage.dll
0x00007ff90b840000 - 0x00007ff90ba82000 	C:\WINDOWS\SYSTEM32\DBGHELP.DLL
0x00007ff90f810000 - 0x00007ff90fb93000 	C:\WINDOWS\System32\combase.dll
0x00007ff9104c0000 - 0x00007ff910599000 	C:\WINDOWS\System32\OLEAUT32.dll
0x00007ff8f1e00000 - 0x00007ff8f1e3b000 	C:\WINDOWS\SYSTEM32\dbgcore.DLL
0x00007ff90e9c0000 - 0x00007ff90ea68000 	C:\WINDOWS\System32\bcryptPrimitives.dll
0x00007ff8fc8e0000 - 0x00007ff8fc8ef000 	c:\Users\Lenovo\.vscode\extensions\redhat.java-1.56.0-win32-x64\jre\21.0.12.1-win32-x86_64\bin\instrument.dll
0x00007ff8e9410000 - 0x00007ff8e9430000 	c:\Users\Lenovo\.vscode\extensions\redhat.java-1.56.0-win32-x64\jre\21.0.12.1-win32-x86_64\bin\java.dll
0x00007ff90fd30000 - 0x00007ff9104b4000 	C:\WINDOWS\System32\SHELL32.dll
0x00007ff90bd00000 - 0x00007ff90c580000 	C:\WINDOWS\SYSTEM32\windows.storage.dll
0x00007ff910c90000 - 0x00007ff910d86000 	C:\WINDOWS\System32\SHCORE.dll
0x00007ff910700000 - 0x00007ff910767000 	C:\WINDOWS\System32\shlwapi.dll
0x00007ff90e070000 - 0x00007ff90e099000 	C:\WINDOWS\SYSTEM32\profapi.dll
0x00007ff8e93f0000 - 0x00007ff8e9408000 	c:\Users\Lenovo\.vscode\extensions\redhat.java-1.56.0-win32-x64\jre\21.0.12.1-win32-x86_64\bin\zip.dll
0x00007ff8f6af0000 - 0x00007ff8f6b00000 	C:\Users\Lenovo\.vscode\extensions\redhat.java-1.56.0-win32-x64\jre\21.0.12.1-win32-x86_64\bin\net.dll
0x00007ff900c10000 - 0x00007ff900d39000 	C:\WINDOWS\SYSTEM32\WINHTTP.dll
0x00007ff90d450000 - 0x00007ff90d4bc000 	C:\WINDOWS\system32\mswsock.dll
0x00007ff8e5bf0000 - 0x00007ff8e5c06000 	C:\Users\Lenovo\.vscode\extensions\redhat.java-1.56.0-win32-x64\jre\21.0.12.1-win32-x86_64\bin\nio.dll
0x00007ff8f6680000 - 0x00007ff8f6690000 	c:\Users\Lenovo\.vscode\extensions\redhat.java-1.56.0-win32-x64\jre\21.0.12.1-win32-x86_64\bin\verify.dll

JVMTI agents:
c:\Users\Lenovo\.vscode\extensions\redhat.java-1.56.0-win32-x64\lombok\lombok-1.18.39-4050.jar path:c:\Users\Lenovo\.vscode\extensions\redhat.java-1.56.0-win32-x64\jre\21.0.12.1-win32-x86_64\bin\instrument.dll, loaded, initialized, instrumentlib options:none

dbghelp: loaded successfully - version: 4.0.5 - missing functions: none
symbol engine: initialized successfully - sym options: 0x614 - pdb path: .;c:\Users\Lenovo\.vscode\extensions\redhat.java-1.56.0-win32-x64\jre\21.0.12.1-win32-x86_64\bin;C:\WINDOWS\SYSTEM32;C:\WINDOWS\WinSxS\amd64_microsoft.windows.common-controls_6595b64144ccf1df_6.0.26100.8521_none_3e08b75ce33403b3;c:\Users\Lenovo\.vscode\extensions\redhat.java-1.56.0-win32-x64\jre\21.0.12.1-win32-x86_64\bin\server

VM Arguments:
jvm_args: --add-modules=ALL-SYSTEM --add-opens=java.base/java.util=ALL-UNNAMED --add-opens=java.base/java.lang=ALL-UNNAMED --add-opens=java.base/sun.nio.fs=ALL-UNNAMED -Declipse.application=org.eclipse.jdt.ls.core.id1 -Dosgi.bundles.defaultStartLevel=4 -Declipse.product=org.eclipse.jdt.ls.core.product -Djava.import.generatesMetadataFilesAtProjectRoot=false -Dm2e.project.cache.size=50 -DDetectVMInstallationsJob.disabled=true -Dfile.encoding=utf8 -XX:+UseParallelGC -XX:GCTimeRatio=4 -XX:AdaptiveSizePolicyWeight=90 -Dsun.zip.disableMemoryMapping=true -Xmx2G -Xms100m -Xlog:disable -javaagent:c:\Users\Lenovo\.vscode\extensions\redhat.java-1.56.0-win32-x64\lombok\lombok-1.18.39-4050.jar -XX:+HeapDumpOnOutOfMemoryError -XX:HeapDumpPath=c:\Users\Lenovo\AppData\Roaming\Code\User\workspaceStorage\e496caea2e03d1f4e87f2f5bdf89700b\redhat.java -Daether.dependencyCollector.impl=bf 
java_command: c:\Users\Lenovo\.vscode\extensions\redhat.java-1.56.0-win32-x64\server\plugins\org.eclipse.equinox.launcher_1.8.0.v20260804-1928.jar -configuration c:\Users\Lenovo\AppData\Roaming\Code\User\globalStorage\redhat.java\1.56.0\config_win -data c:\Users\Lenovo\AppData\Roaming\Code\User\workspaceStorage\e496caea2e03d1f4e87f2f5bdf89700b\redhat.java\jdt_ws --stdio
java_class_path (initial): c:\Users\Lenovo\.vscode\extensions\redhat.java-1.56.0-win32-x64\server\plugins\org.eclipse.equinox.launcher_1.8.0.v20260804-1928.jar
Launcher Type: SUN_STANDARD

[Global flags]
    uintx AdaptiveSizePolicyWeight                 = 90                                        {product} {command line}
     intx CICompilerCount                          = 3                                         {product} {ergonomic}
    uintx GCTimeRatio                              = 4                                         {product} {command line}
     bool HeapDumpOnOutOfMemoryError               = true                                   {manageable} {command line}
    ccstr HeapDumpPath                             = c:\Users\Lenovo\AppData\Roaming\Code\User\workspaceStorage\e496caea2e03d1f4e87f2f5bdf89700b\redhat.java         {manageable} {command line}
   size_t InitialHeapSize                          = 104857600                                 {product} {command line}
   size_t MaxHeapSize                              = 2147483648                                {product} {command line}
   size_t MaxNewSize                               = 715653120                                 {product} {ergonomic}
   size_t MinHeapDeltaBytes                        = 524288                                    {product} {ergonomic}
   size_t MinHeapSize                              = 104857600                                 {product} {command line}
   size_t NewSize                                  = 34603008                                  {product} {ergonomic}
    uintx NonNMethodCodeHeapSize                   = 5832780                                {pd product} {ergonomic}
    uintx NonProfiledCodeHeapSize                  = 122912730                              {pd product} {ergonomic}
   size_t OldSize                                  = 70254592                                  {product} {ergonomic}
    uintx ProfiledCodeHeapSize                     = 122912730                              {pd product} {ergonomic}
    uintx ReservedCodeCacheSize                    = 251658240                              {pd product} {ergonomic}
     bool SegmentedCodeCache                       = true                                      {product} {ergonomic}
   size_t SoftMaxHeapSize                          = 2147483648                             {manageable} {ergonomic}
     bool UseCompressedOops                        = true                           {product lp64_product} {ergonomic}
     bool UseLargePagesIndividualAllocation        = false                                  {pd product} {ergonomic}
     bool UseParallelGC                            = true                                      {product} {command line}

Logging:
Log output configuration:
 #0: stdout all=off uptime,level,tags foldmultilines=false
 #1: stderr all=off uptime,level,tags foldmultilines=false

Release file:
<release file has not been read>
Environment Variables:
JAVA_HOME=C:\Program Files\Java\jdk-21
PATH=C:\Program Files\Google\Chrome\Application;C:\Program Files\Common Files\Oracle\Java\javapath;C:\WINDOWS\system32;C:\WINDOWS;C:\WINDOWS\System32\Wbem;C:\WINDOWS\System32\WindowsPowerShell\v1.0\;C:\WINDOWS\System32\OpenSSH\;C:\ProgramData\UNIVALI\Portugol Studio;C:\Program Files\Git\cmd;C:\Program Files\nodejs\;C:\Program Files\Java\jdk-21\bin;C:\Program Files\Common Files\Oracle\Java\javapath;C:\WINDOWS\system32;C:\WINDOWS;C:\WINDOWS\System32\Wbem;C:\WINDOWS\System32\WindowsPowerShell\v1.0\;C:\WINDOWS\System32\OpenSSH\;C:\ProgramData\UNIVALI\Portugol Studio;C:\Program Files\Git\cmd;C:\Program Files\nodejs\;C:\Program Files\Docker\Docker\resources\bin;C:\Program Files\Java\jdk-21\bin;C:\Program Files\MySQL\MySQL Shell 8.0\bin\;C:\Users\Lenovo\AppData\Local\Programs\Python\Launcher\;C:\Users\Lenovo\AppData\Local\Microsoft\WindowsApps;C:\Users\Lenovo\AppData\Local\Programs\Microsoft VS Code\bin;C:\Users\Lenovo\AppData\Local\GitHubDesktop\bin;C:\MinGW\bin;C:\Users\Lenovo\AppData\Roaming\npm;C:\Users\Lenovo\AppData\Local\Programs\cursor\resources\app\bin;C:\Users\Lenovo\.local\bin;C:\Users\Lenovo\.fly\bin
USERNAME=Lenovo
OS=Windows_NT
PROCESSOR_IDENTIFIER=Intel64 Family 6 Model 142 Stepping 12, GenuineIntel
TMP=C:\Users\Lenovo\AppData\Local\Temp
TEMP=C:\Users\Lenovo\AppData\Local\Temp




Periodic native trim disabled

---------------  S Y S T E M  ---------------

OS:
 Windows 11 , 64 bit Build 26100 (10.0.26100.8521)
OS uptime: 69 days 18:59 hours
Hyper-V role detected

CPU: total 4 (initial active 4) (2 cores per cpu, 2 threads per core) family 6 model 142 stepping 12 microcode 0xea, cx8, cmov, fxsr, ht, mmx, 3dnowpref, sse, sse2, sse3, ssse3, sse4.1, sse4.2, popcnt, lzcnt, tsc, tscinvbit, avx, avx2, aes, erms, clmul, bmi1, bmi2, adx, fma, vzeroupper, clflush, clflushopt, hv, rdtscp, f16c
Processor Information for the first 4 processors :
  Max Mhz: 2592, Current Mhz: 2093, Mhz Limit: 2073

Memory: 4k page, system-wide physical 8026M (179M free)
TotalPageFile size 32602M (AvailPageFile size 0M)
current process WorkingSet (physical memory assigned to process): 49M, peak: 49M
current process commit charge ("private bytes"): 212M, peak: 212M

vm_info: OpenJDK 64-Bit Server VM (21.0.12.1+1-LTS) for windows-amd64 JRE (21.0.12.1+1-LTS), built on 2026-08-18T00:00:00Z by "admin" with MS VC++ 17.12 (VS2022)

END.
